Archive member included to satisfy reference by file (symbol)

/home/joao-abreu/Linux_Apalis/linux-metroval/usr/SOEM1.3.0/lib/imx6/libsoem.a(ethercatcoe.o)
                              obj/imx6/slaveinfo.o (ec_SDOread)
/home/joao-abreu/Linux_Apalis/linux-metroval/usr/SOEM1.3.0/lib/imx6/libsoem.a(ethercatconfig.o)
                              obj/imx6/slaveinfo.o (ec_config)
/home/joao-abreu/Linux_Apalis/linux-metroval/usr/SOEM1.3.0/lib/imx6/libsoem.a(ethercatdc.o)
                              obj/imx6/slaveinfo.o (ec_configdc)
/home/joao-abreu/Linux_Apalis/linux-metroval/usr/SOEM1.3.0/lib/imx6/libsoem.a(ethercatmain.o)
                              obj/imx6/slaveinfo.o (ec_slave)
/home/joao-abreu/Linux_Apalis/linux-metroval/usr/SOEM1.3.0/lib/imx6/libsoem.a(ethercatprint.o)
                              obj/imx6/slaveinfo.o (ec_ALstatuscode2string)
/home/joao-abreu/Linux_Apalis/linux-metroval/usr/SOEM1.3.0/lib/imx6/libsoem.a(ethercatsoe.o)
                              /home/joao-abreu/Linux_Apalis/linux-metroval/usr/SOEM1.3.0/lib/imx6/libsoem.a(ethercatconfig.o) (ecx_readIDNmap)
/home/joao-abreu/Linux_Apalis/linux-metroval/usr/SOEM1.3.0/lib/imx6/libsoem.a(ethercatbase.o)
                              /home/joao-abreu/Linux_Apalis/linux-metroval/usr/SOEM1.3.0/lib/imx6/libsoem.a(ethercatmain.o) (ecx_setupdatagram)
/home/joao-abreu/gcc-linaro-6.2.1-2016.11-i686_arm-linux-gnueabihf/bin/../arm-linux-gnueabihf/libc/usr/lib/libc_nonshared.a(elf-init.oS)
                              /home/joao-abreu/gcc-linaro-6.2.1-2016.11-i686_arm-linux-gnueabihf/bin/../arm-linux-gnueabihf/libc/usr/lib/crt1.o (__libc_csu_init)
/home/joao-abreu/Linux_Apalis/linux-metroval/usr/SOEM1.3.0/lib/imx6/liboshw.a(nicdrv.o)
                              /home/joao-abreu/Linux_Apalis/linux-metroval/usr/SOEM1.3.0/lib/imx6/libsoem.a(ethercatmain.o) (secMAC)
/home/joao-abreu/Linux_Apalis/linux-metroval/usr/SOEM1.3.0/lib/imx6/liboshw.a(oshw.o)
                              /home/joao-abreu/Linux_Apalis/linux-metroval/usr/SOEM1.3.0/lib/imx6/libsoem.a(ethercatmain.o) (oshw_htons)
/home/joao-abreu/Linux_Apalis/linux-metroval/usr/SOEM1.3.0/lib/imx6/libosal.a(osal.o)
                              /home/joao-abreu/Linux_Apalis/linux-metroval/usr/SOEM1.3.0/lib/imx6/libsoem.a(ethercatmain.o) (osal_usleep)
/home/joao-abreu/gcc-linaro-6.2.1-2016.11-i686_arm-linux-gnueabihf/bin/../lib/gcc/arm-linux-gnueabihf/6.2.1/libgcc.a(_divsi3.o)
                              /home/joao-abreu/Linux_Apalis/linux-metroval/usr/SOEM1.3.0/lib/imx6/libsoem.a(ethercatsoe.o) (__aeabi_idiv)
/home/joao-abreu/gcc-linaro-6.2.1-2016.11-i686_arm-linux-gnueabihf/bin/../lib/gcc/arm-linux-gnueabihf/6.2.1/libgcc.a(_aeabi_ldivmod.o)
                              /home/joao-abreu/Linux_Apalis/linux-metroval/usr/SOEM1.3.0/lib/imx6/libsoem.a(ethercatdc.o) (__aeabi_ldivmod)
/home/joao-abreu/gcc-linaro-6.2.1-2016.11-i686_arm-linux-gnueabihf/bin/../lib/gcc/arm-linux-gnueabihf/6.2.1/libgcc.a(_dvmd_lnx.o)
                              /home/joao-abreu/gcc-linaro-6.2.1-2016.11-i686_arm-linux-gnueabihf/bin/../lib/gcc/arm-linux-gnueabihf/6.2.1/libgcc.a(_aeabi_ldivmod.o) (__aeabi_ldiv0)
/home/joao-abreu/gcc-linaro-6.2.1-2016.11-i686_arm-linux-gnueabihf/bin/../lib/gcc/arm-linux-gnueabihf/6.2.1/libgcc.a(_udivmoddi4.o)
                              /home/joao-abreu/gcc-linaro-6.2.1-2016.11-i686_arm-linux-gnueabihf/bin/../lib/gcc/arm-linux-gnueabihf/6.2.1/libgcc.a(_aeabi_ldivmod.o) (__udivmoddi4)

Allocating common symbols
Common symbol       size              file

IOmap               0x1000            obj/imx6/slaveinfo.o
ecx_port            0xcadc            /home/joao-abreu/Linux_Apalis/linux-metroval/usr/SOEM1.3.0/lib/imx6/libsoem.a(ethercatmain.o)
ecx_redport         0x6570            /home/joao-abreu/Linux_Apalis/linux-metroval/usr/SOEM1.3.0/lib/imx6/libsoem.a(ethercatmain.o)
OElist              0x3002            obj/imx6/slaveinfo.o
hstr                0x400             obj/imx6/slaveinfo.o
ec_DCtime           0x8               /home/joao-abreu/Linux_Apalis/linux-metroval/usr/SOEM1.3.0/lib/imx6/libsoem.a(ethercatmain.o)
ODlist              0xbc04            obj/imx6/slaveinfo.o
usdo                0x80              obj/imx6/slaveinfo.o
estring             0x7f              /home/joao-abreu/Linux_Apalis/linux-metroval/usr/SOEM1.3.0/lib/imx6/libsoem.a(ethercatprint.o)
ec_slavecount       0x4               /home/joao-abreu/Linux_Apalis/linux-metroval/usr/SOEM1.3.0/lib/imx6/libsoem.a(ethercatmain.o)
ec_group            0x250             /home/joao-abreu/Linux_Apalis/linux-metroval/usr/SOEM1.3.0/lib/imx6/libsoem.a(ethercatmain.o)
ec_slave            0xf3c0            /home/joao-abreu/Linux_Apalis/linux-metroval/usr/SOEM1.3.0/lib/imx6/libsoem.a(ethercatmain.o)

Discarded input sections

 .rodata.cst4   0x00000000        0x4 /home/joao-abreu/gcc-linaro-6.2.1-2016.11-i686_arm-linux-gnueabihf/bin/../arm-linux-gnueabihf/libc/usr/lib/crt1.o
[...]
Memory Configuration

Name             Origin             Length             Attributes
*default*        0x00000000         0xffffffff

Linker script and memory map

LOAD /home/joao-abreu/gcc-linaro-6.2.1-2016.11-i686_arm-linux-gnueabihf/bin/../arm-linux-gnueabihf/libc/usr/lib/crt1.o
LOAD /home/joao-abreu/gcc-linaro-6.2.1-2016.11-i686_arm-linux-gnueabihf/bin/../arm-linux-gnueabihf/libc/usr/lib/crti.o
LOAD /home/joao-abreu/gcc-linaro-6.2.1-2016.11-i686_arm-linux-gnueabihf/bin/../lib/gcc/arm-linux-gnueabihf/6.2.1/crtbegin.o
LOAD /home/joao-abreu/gcc-linaro-6.2.1-2016.11-i686_arm-linux-gnueabihf/bin/../arm-linux-gnueabihf/libc/usr/lib/libpthread.so
START GROUP
LOAD /home/joao-abreu/gcc-linaro-6.2.1-2016.11-i686_arm-linux-gnueabihf/bin/../arm-linux-gnueabihf/libc/lib/libpthread.so.0
LOAD /home/joao-abreu/gcc-linaro-6.2.1-2016.11-i686_arm-linux-gnueabihf/bin/../arm-linux-gnueabihf/libc/usr/lib/libpthread_nonshared.a
END GROUP
LOAD obj/imx6/slaveinfo.o
START GROUP
LOAD /home/joao-abreu/Linux_Apalis/linux-metroval/usr/SOEM1.3.0/lib/imx6/liboshw.a
LOAD /home/joao-abreu/Linux_Apalis/linux-metroval/usr/SOEM1.3.0/lib/imx6/libosal.a
LOAD /home/joao-abreu/Linux_Apalis/linux-metroval/usr/SOEM1.3.0/lib/imx6/libsoem.a
LOAD /home/joao-abreu/gcc-linaro-6.2.1-2016.11-i686_arm-linux-gnueabihf/bin/../arm-linux-gnueabihf/libc/usr/lib/libc.so
START GROUP
LOAD /home/joao-abreu/gcc-linaro-6.2.1-2016.11-i686_arm-linux-gnueabihf/bin/../arm-linux-gnueabihf/libc/lib/libc.so.6
LOAD /home/joao-abreu/gcc-linaro-6.2.1-2016.11-i686_arm-linux-gnueabihf/bin/../arm-linux-gnueabihf/libc/usr/lib/libc_nonshared.a
LOAD /home/joao-abreu/gcc-linaro-6.2.1-2016.11-i686_arm-linux-gnueabihf/bin/../arm-linux-gnueabihf/libc/lib/ld-linux-armhf.so.3
END GROUP
LOAD /home/joao-abreu/gcc-linaro-6.2.1-2016.11-i686_arm-linux-gnueabihf/bin/../arm-linux-gnueabihf/libc/usr/lib/libm.so
END GROUP
LOAD /home/joao-abreu/gcc-linaro-6.2.1-2016.11-i686_arm-linux-gnueabihf/bin/../lib/gcc/arm-linux-gnueabihf/6.2.1/libgcc.a
LOAD /home/joao-abreu/gcc-linaro-6.2.1-2016.11-i686_arm-linux-gnueabihf/bin/../lib/gcc/arm-linux-gnueabihf/6.2.1/../../../../arm-linux-gnueabihf/lib/libgcc_s.so
START GROUP
LOAD /home/joao-abreu/gcc-linaro-6.2.1-2016.11-i686_arm-linux-gnueabihf/bin/../lib/gcc/arm-linux-gnueabihf/6.2.1/../../../../arm-linux-gnueabihf/lib/libgcc_s.so.1
LOAD /home/joao-abreu/gcc-linaro-6.2.1-2016.11-i686_arm-linux-gnueabihf/bin/../lib/gcc/arm-linux-gnueabihf/6.2.1/libgcc.a
END GROUP
LOAD /home/joao-abreu/gcc-linaro-6.2.1-2016.11-i686_arm-linux-gnueabihf/bin/../arm-linux-gnueabihf/libc/usr/lib/libpthread.so
START GROUP
LOAD /home/joao-abreu/gcc-linaro-6.2.1-2016.11-i686_arm-linux-gnueabihf/bin/../arm-linux-gnueabihf/libc/lib/libpthread.so.0
LOAD /home/joao-abreu/gcc-linaro-6.2.1-2016.11-i686_arm-linux-gnueabihf/bin/../arm-linux-gnueabihf/libc/usr/lib/libpthread_nonshared.a
END GROUP
LOAD /home/joao-abreu/gcc-linaro-6.2.1-2016.11-i686_arm-linux-gnueabihf/bin/../arm-linux-gnueabihf/libc/usr/lib/libc.so
START GROUP
LOAD /home/joao-abreu/gcc-linaro-6.2.1-2016.11-i686_arm-linux-gnueabihf/bin/../arm-linux-gnueabihf/libc/lib/libc.so.6
LOAD /home/joao-abreu/gcc-linaro-6.2.1-2016.11-i686_arm-linux-gnueabihf/bin/../arm-linux-gnueabihf/libc/usr/lib/libc_nonshared.a
LOAD /home/joao-abreu/gcc-linaro-6.2.1-2016.11-i686_arm-linux-gnueabihf/bin/../arm-linux-gnueabihf/libc/lib/ld-linux-armhf.so.3
END GROUP
LOAD /home/joao-abreu/gcc-linaro-6.2.1-2016.11-i686_arm-linux-gnueabihf/bin/../lib/gcc/arm-linux-gnueabihf/6.2.1/libgcc.a
LOAD /home/joao-abreu/gcc-linaro-6.2.1-2016.11-i686_arm-linux-gnueabihf/bin/../lib/gcc/arm-linux-gnueabihf/6.2.1/../../../../arm-linux-gnueabihf/lib/libgcc_s.so
START GROUP
LOAD /home/joao-abreu/gcc-linaro-6.2.1-2016.11-i686_arm-linux-gnueabihf/bin/../lib/gcc/arm-linux-gnueabihf/6.2.1/../../../../arm-linux-gnueabihf/lib/libgcc_s.so.1
LOAD /home/joao-abreu/gcc-linaro-6.2.1-2016.11-i686_arm-linux-gnueabihf/bin/../lib/gcc/arm-linux-gnueabihf/6.2.1/libgcc.a
END GROUP
LOAD /home/joao-abreu/gcc-linaro-6.2.1-2016.11-i686_arm-linux-gnueabihf/bin/../lib/gcc/arm-linux-gnueabihf/6.2.1/crtend.o
LOAD /home/joao-abreu/gcc-linaro-6.2.1-2016.11-i686_arm-linux-gnueabihf/bin/../arm-linux-gnueabihf/libc/usr/lib/crtn.o
                [!provide]                PROVIDE (__executable_start, 0x10000)
                0x00010134                . = (0x10000 + SIZEOF_HEADERS)

.interp         0x00010134       0x19
 *(.interp)
 .interp        0x00010134       0x19 /home/joao-abreu/gcc-linaro-6.2.1-2016.11-i686_arm-linux-gnueabihf/bin/../arm-linux-gnueabihf/libc/usr/lib/crt1.o

.note.ABI-tag   0x00010150       0x20
 .note.ABI-tag  0x00010150       0x20 /home/joao-abreu/gcc-linaro-6.2.1-2016.11-i686_arm-linux-gnueabihf/bin/../arm-linux-gnueabihf/libc/usr/lib/crt1.o

.note.gnu.build-id
                0x00010170       0x24
 *(.note.gnu.build-id)
 .note.gnu.build-id
                0x00010170       0x24 linker stubs

.hash           0x00010194       0xc8
 *(.hash)
 .hash          0x00010194       0xc8 /home/joao-abreu/gcc-linaro-6.2.1-2016.11-i686_arm-linux-gnueabihf/bin/../arm-linux-gnueabihf/libc/usr/lib/crt1.o

.gnu.hash
 *(.gnu.hash)

.dynsym         0x0001025c      0x1f0
 *(.dynsym)
 .dynsym        0x0001025c      0x1f0 /home/joao-abreu/gcc-linaro-6.2.1-2016.11-i686_arm-linux-gnueabihf/bin/../arm-linux-gnueabihf/libc/usr/lib/crt1.o

.dynstr         0x0001044c      0x178
 *(.dynstr)
 .dynstr        0x0001044c      0x178 /home/joao-abreu/gcc-linaro-6.2.1-2016.11-i686_arm-linux-gnueabihf/bin/../arm-linux-gnueabihf/libc/usr/lib/crt1.o

.gnu.version    0x000105c4       0x3e
 *(.gnu.version)
 .gnu.version   0x000105c4       0x3e /home/joao-abreu/gcc-linaro-6.2.1-2016.11-i686_arm-linux-gnueabihf/bin/../arm-linux-gnueabihf/libc/usr/lib/crt1.o

.gnu.version_d  0x00010604        0x0
 *(.gnu.version_d)
 .gnu.version_d
                0x00010604        0x0 /home/joao-abreu/gcc-linaro-6.2.1-2016.11-i686_arm-linux-gnueabihf/bin/../arm-linux-gnueabihf/libc/usr/lib/crt1.o

.gnu.version_r  0x00010604       0x50
 *(.gnu.version_r)
 .gnu.version_r
                0x00010604       0x50 /home/joao-abreu/gcc-linaro-6.2.1-2016.11-i686_arm-linux-gnueabihf/bin/../arm-linux-gnueabihf/libc/usr/lib/crt1.o

.rel.dyn        0x00010654        0x8
 *(.rel.init)
 *(.rel.text .rel.text.* .rel.gnu.linkonce.t.*)
 *(.rel.fini)
 *(.rel.rodata .rel.rodata.* .rel.gnu.linkonce.r.*)
 *(.rel.data.rel.ro .rel.data.rel.ro.* .rel.gnu.linkonce.d.rel.ro.*)
 *(.rel.data .rel.data.* .rel.gnu.linkonce.d.*)
 *(.rel.tdata .rel.tdata.* .rel.gnu.linkonce.td.*)
 *(.rel.tbss .rel.tbss.* .rel.gnu.linkonce.tb.*)
 *(.rel.ctors)
 *(.rel.dtors)
 *(.rel.got)
 .rel.got       0x00010654        0x8 /home/joao-abreu/gcc-linaro-6.2.1-2016.11-i686_arm-linux-gnueabihf/bin/../arm-linux-gnueabihf/libc/usr/lib/crt1.o
 *(.rel.bss .rel.bss.* .rel.gnu.linkonce.b.*)
 .rel.bss       0x0001065c        0x0 /home/joao-abreu/gcc-linaro-6.2.1-2016.11-i686_arm-linux-gnueabihf/bin/../arm-linux-gnueabihf/libc/usr/lib/crt1.o
                [!provide]                PROVIDE (__rel_iplt_start, .)
 *(.rel.iplt)
 .rel.iplt      0x0001065c        0x0 /home/joao-abreu/gcc-linaro-6.2.1-2016.11-i686_arm-linux-gnueabihf/bin/../arm-linux-gnueabihf/libc/usr/lib/crt1.o
                [!provide]                PROVIDE (__rel_iplt_end, .)

.rela.dyn       0x0001065c        0x0
 *(.rela.init)
 *(.rela.text .rela.text.* .rela.gnu.linkonce.t.*)
 *(.rela.fini)
 *(.rela.rodata .rela.rodata.* .rela.gnu.linkonce.r.*)
 *(.rela.data .rela.data.* .rela.gnu.linkonce.d.*)
 *(.rela.tdata .rela.tdata.* .rela.gnu.linkonce.td.*)
 *(.rela.tbss .rela.tbss.* .rela.gnu.linkonce.tb.*)
 *(.rela.ctors)
 *(.rela.dtors)
 *(.rela.got)
 *(.rela.bss .rela.bss.* .rela.gnu.linkonce.b.*)
                [!provide]                PROVIDE (__rela_iplt_start, .)
 *(.rela.iplt)
                [!provide]                PROVIDE (__rela_iplt_end, .)

.rel.plt        0x0001065c       0xd8
 *(.rel.plt)
 .rel.plt       0x0001065c       0xd8 /home/joao-abreu/gcc-linaro-6.2.1-2016.11-i686_arm-linux-gnueabihf/bin/../arm-linux-gnueabihf/libc/usr/lib/crt1.o

.rela.plt
 *(.rela.plt)

.init           0x00010734        0xc
 *(SORT(.init))
 .init          0x00010734        0x8 /home/joao-abreu/gcc-linaro-6.2.1-2016.11-i686_arm-linux-gnueabihf/bin/../arm-linux-gnueabihf/libc/usr/lib/crti.o
                0x00010734                _init
 .init          0x0001073c        0x4 /home/joao-abreu/gcc-linaro-6.2.1-2016.11-i686_arm-linux-gnueabihf/bin/../arm-linux-gnueabihf/libc/usr/lib/crtn.o

.plt            0x00010740      0x158
 *(.plt)
 .plt           0x00010740      0x158 /home/joao-abreu/gcc-linaro-6.2.1-2016.11-i686_arm-linux-gnueabihf/bin/../arm-linux-gnueabihf/libc/usr/lib/crt1.o
                0x00010754                pthread_mutex_unlock@@GLIBC_2.4
                0x00010760                setsockopt@@GLIBC_2.4
                0x0001076c                printf@@GLIBC_2.4
                0x00010778                pthread_mutex_lock@@GLIBC_2.4
                0x00010784                nanosleep@@GLIBC_2.4
                0x00010790                clock_gettime@@GLIBC_2.17
                0x0001079c                memcpy@@GLIBC_2.4
                0x000107a8                pthread_mutex_init@@GLIBC_2.4
                0x000107b4                htons@@GLIBC_2.4
                0x000107c0                strcat@@GLIBC_2.4
                0x000107cc                ioctl@@GLIBC_2.4
                0x000107d8                strcpy@@GLIBC_2.4
                0x000107e4                puts@@GLIBC_2.4
                0x000107f0                __libc_start_main@@GLIBC_2.4
                0x00010808                bind@@GLIBC_2.4
                0x00010814                memset@@GLIBC_2.4
                0x00010820                putchar@@GLIBC_2.4
                0x0001082c                strncpy@@GLIBC_2.4
                0x00010838                ntohs@@GLIBC_2.4
                0x00010844                sprintf@@GLIBC_2.4
                0x00010850                socket@@GLIBC_2.4
                0x0001085c                strncmp@@GLIBC_2.4
                0x00010868                abort@@GLIBC_2.4
                0x00010874                recv@@GLIBC_2.4
                0x00010880                close@@GLIBC_2.4
                0x0001088c                send@@GLIBC_2.4

.iplt           0x00010898        0x0
 *(.iplt)
 .iplt          0x00010898        0x0 /home/joao-abreu/gcc-linaro-6.2.1-2016.11-i686_arm-linux-gnueabihf/bin/../arm-linux-gnueabihf/libc/usr/lib/crt1.o

.text           0x00010898     0xada2
 *(.text.unlikely .text.*_unlikely .text.unlikely.*)
 *(.text.exit .text.exit.*)
 *(.text.startup .text.startup.*)
 *(.text.hot .text.hot.*)
 *(.text .stub .text.* .gnu.linkonce.t.*)
 .text          0x00010898       0x30 /home/joao-abreu/gcc-linaro-6.2.1-2016.11-i686_arm-linux-gnueabihf/bin/../arm-linux-gnueabihf/libc/usr/lib/crt1.o
                0x00010898                _start
 .text          0x000108c8       0x24 /home/joao-abreu/gcc-linaro-6.2.1-2016.11-i686_arm-linux-gnueabihf/bin/../arm-linux-gnueabihf/libc/usr/lib/crti.o
 .text          0x000108ec       0x8c /home/joao-abreu/gcc-linaro-6.2.1-2016.11-i686_arm-linux-gnueabihf/bin/../lib/gcc/arm-linux-gnueabihf/6.2.1/crtbegin.o
 .text.dtype2string
                0x00010978      0x3b0 obj/imx6/slaveinfo.o
                0x00010978                dtype2string
 .text.SDO2string
                0x00010d28      0x428 obj/imx6/slaveinfo.o
                0x00010d28                SDO2string
 .text.si_PDOassign
                0x00011150      0x29a obj/imx6/slaveinfo.o
                0x00011150                si_PDOassign
 .text.si_map_sdo
                0x000113ea      0x1f2 obj/imx6/slaveinfo.o
                0x000113ea                si_map_sdo
 .text.si_siiPDO
                0x000115dc      0x60a obj/imx6/slaveinfo.o
                0x000115dc                si_siiPDO
 .text.si_map_sii
                0x00011be6       0xac obj/imx6/slaveinfo.o
                0x00011be6                si_map_sii
 .text.si_sdo   0x00011c92      0x2b8 obj/imx6/slaveinfo.o
                0x00011c92                si_sdo
 .text.slaveinfo
                0x00011f4a      0xa44 obj/imx6/slaveinfo.o
                0x00011f4a                slaveinfo
 .text.main     0x0001298e       0xa6 obj/imx6/slaveinfo.o
                0x0001298e                main
 .text.ecx_SDOerror
                0x00012a34       0x6c /home/joao-abreu/Linux_Apalis/linux-metroval/usr/SOEM1.3.0/lib/imx6/libsoem.a(ethercatcoe.o)
                0x00012a34                ecx_SDOerror
 .text.ecx_SDOinfoerror
                0x00012aa0       0x58 /home/joao-abreu/Linux_Apalis/linux-metroval/usr/SOEM1.3.0/lib/imx6/libsoem.a(ethercatcoe.o)
 .text.ecx_SDOread
                0x00012af8      0x5be /home/joao-abreu/Linux_Apalis/linux-metroval/usr/SOEM1.3.0/lib/imx6/libsoem.a(ethercatcoe.o)
                0x00012af8                ecx_SDOread
 .text.ecx_readPDOassign
                0x000130b6      0x19e /home/joao-abreu/Linux_Apalis/linux-metroval/usr/SOEM1.3.0/lib/imx6/libsoem.a(ethercatcoe.o)
                0x000130b6                ecx_readPDOassign
 .text.ecx_readPDOassignCA
                0x00013254      0x138 /home/joao-abreu/Linux_Apalis/linux-metroval/usr/SOEM1.3.0/lib/imx6/libsoem.a(ethercatcoe.o)
                0x00013254                ecx_readPDOassignCA
 .text.ecx_readPDOmap
                0x0001338c      0x256 /home/joao-abreu/Linux_Apalis/linux-metroval/usr/SOEM1.3.0/lib/imx6/libsoem.a(ethercatcoe.o)
                0x0001338c                ecx_readPDOmap
 .text.ecx_readPDOmapCA
                0x000135e2      0x208 /home/joao-abreu/Linux_Apalis/linux-metroval/usr/SOEM1.3.0/lib/imx6/libsoem.a(ethercatcoe.o)
                0x000135e2                ecx_readPDOmapCA
 .text.ecx_readODlist
                0x000137ea      0x34a /home/joao-abreu/Linux_Apalis/linux-metroval/usr/SOEM1.3.0/lib/imx6/libsoem.a(ethercatcoe.o)
                0x000137ea                ecx_readODlist
 .text.ecx_readODdescription
                0x00013b34      0x30e /home/joao-abreu/Linux_Apalis/linux-metroval/usr/SOEM1.3.0/lib/imx6/libsoem.a(ethercatcoe.o)
                0x00013b34                ecx_readODdescription
 .text.ecx_readOEsingle
                0x00013e42      0x30a /home/joao-abreu/Linux_Apalis/linux-metroval/usr/SOEM1.3.0/lib/imx6/libsoem.a(ethercatcoe.o)
                0x00013e42                ecx_readOEsingle
 .text.ecx_readOE
                0x0001414c       0x70 /home/joao-abreu/Linux_Apalis/linux-metroval/usr/SOEM1.3.0/lib/imx6/libsoem.a(ethercatcoe.o)
                0x0001414c                ecx_readOE
 .text.ec_SDOread
                0x000141bc       0x58 /home/joao-abreu/Linux_Apalis/linux-metroval/usr/SOEM1.3.0/lib/imx6/libsoem.a(ethercatcoe.o)
                0x000141bc                ec_SDOread
 .text.ec_readODlist
                0x00014214       0x2a /home/joao-abreu/Linux_Apalis/linux-metroval/usr/SOEM1.3.0/lib/imx6/libsoem.a(ethercatcoe.o)
                0x00014214                ec_readODlist
 .text.ec_readODdescription
                0x0001423e       0x2a /home/joao-abreu/Linux_Apalis/linux-metroval/usr/SOEM1.3.0/lib/imx6/libsoem.a(ethercatcoe.o)
                0x0001423e                ec_readODdescription
 .text.ec_readOEsingle
                0x00014268       0x38 /home/joao-abreu/Linux_Apalis/linux-metroval/usr/SOEM1.3.0/lib/imx6/libsoem.a(ethercatcoe.o)
                0x00014268                ec_readOEsingle
 .text.ec_readOE
                0x000142a0       0x2c /home/joao-abreu/Linux_Apalis/linux-metroval/usr/SOEM1.3.0/lib/imx6/libsoem.a(ethercatcoe.o)
                0x000142a0                ec_readOE
 .text.ec_findconfig
                0x000142cc       0x8e /home/joao-abreu/Linux_Apalis/linux-metroval/usr/SOEM1.3.0/lib/imx6/libsoem.a(ethercatconfig.o)
                0x000142cc                ec_findconfig
 .text.ecx_config_init
                0x0001435a     0x15c4 /home/joao-abreu/Linux_Apalis/linux-metroval/usr/SOEM1.3.0/lib/imx6/libsoem.a(ethercatconfig.o)
                0x0001435a                ecx_config_init
 .text.ecx_config_map_group
                0x0001591e     0x192e /home/joao-abreu/Linux_Apalis/linux-metroval/usr/SOEM1.3.0/lib/imx6/libsoem.a(ethercatconfig.o)
                0x0001591e                ecx_config_map_group
 .text.ec_config_init
                0x0001724c       0x26 /home/joao-abreu/Linux_Apalis/linux-metroval/usr/SOEM1.3.0/lib/imx6/libsoem.a(ethercatconfig.o)
                0x0001724c                ec_config_init
 .text.ec_config_map_group
                0x00017272       0x2a /home/joao-abreu/Linux_Apalis/linux-metroval/usr/SOEM1.3.0/lib/imx6/libsoem.a(ethercatconfig.o)
                0x00017272                ec_config_map_group
 .text.ec_config_map
                0x0001729c       0x18 /home/joao-abreu/Linux_Apalis/linux-metroval/usr/SOEM1.3.0/lib/imx6/libsoem.a(ethercatconfig.o)
                0x0001729c                ec_config_map
 .text.ec_config
                0x000172b4       0x2e /home/joao-abreu/Linux_Apalis/linux-metroval/usr/SOEM1.3.0/lib/imx6/libsoem.a(ethercatconfig.o)
                0x000172b4                ec_config
 *fill*         0x000172e2        0x2 
 .text.ecx_porttime
                0x000172e4       0xa4 /home/joao-abreu/Linux_Apalis/linux-metroval/usr/SOEM1.3.0/lib/imx6/libsoem.a(ethercatdc.o)
 .text.ecx_prevport
                0x00017388      0x15c /home/joao-abreu/Linux_Apalis/linux-metroval/usr/SOEM1.3.0/lib/imx6/libsoem.a(ethercatdc.o)
 .text.ecx_parentport
                0x000174e4       0xcc /home/joao-abreu/Linux_Apalis/linux-metroval/usr/SOEM1.3.0/lib/imx6/libsoem.a(ethercatdc.o)
 .text.ecx_configdc
                0x000175b0      0x862 /home/joao-abreu/Linux_Apalis/linux-metroval/usr/SOEM1.3.0/lib/imx6/libsoem.a(ethercatdc.o)
                0x000175b0                ecx_configdc
 .text.ec_configdc
                0x00017e12       0x14 /home/joao-abreu/Linux_Apalis/linux-metroval/usr/SOEM1.3.0/lib/imx6/libsoem.a(ethercatdc.o)
                0x00017e12                ec_configdc
 .text.ecx_pusherror
                0x00017e26       0xc0 /home/joao-abreu/Linux_Apalis/linux-metroval/usr/SOEM1.3.0/lib/imx6/libsoem.a(ethercatmain.o)
                0x00017e26                ecx_pusherror
 .text.ecx_poperror
                0x00017ee6       0xb2 /home/joao-abreu/Linux_Apalis/linux-metroval/usr/SOEM1.3.0/lib/imx6/libsoem.a(ethercatmain.o)
                0x00017ee6                ecx_poperror
 .text.ecx_packeterror
                0x00017f98       0x70 /home/joao-abreu/Linux_Apalis/linux-metroval/usr/SOEM1.3.0/lib/imx6/libsoem.a(ethercatmain.o)
                0x00017f98                ecx_packeterror
 .text.ecx_mbxerror
                0x00018008       0x58 /home/joao-abreu/Linux_Apalis/linux-metroval/usr/SOEM1.3.0/lib/imx6/libsoem.a(ethercatmain.o)
 .text.ecx_mbxemergencyerror
                0x00018060       0x86 /home/joao-abreu/Linux_Apalis/linux-metroval/usr/SOEM1.3.0/lib/imx6/libsoem.a(ethercatmain.o)
 .text.ecx_init
                0x000180e6       0x20 /home/joao-abreu/Linux_Apalis/linux-metroval/usr/SOEM1.3.0/lib/imx6/libsoem.a(ethercatmain.o)
                0x000180e6                ecx_init
 .text.ecx_close
                0x00018106       0x18 /home/joao-abreu/Linux_Apalis/linux-metroval/usr/SOEM1.3.0/lib/imx6/libsoem.a(ethercatmain.o)
                0x00018106                ecx_close
 .text.ecx_siigetbyte
                0x0001811e      0x1bc /home/joao-abreu/Linux_Apalis/linux-metroval/usr/SOEM1.3.0/lib/imx6/libsoem.a(ethercatmain.o)
                0x0001811e                ecx_siigetbyte
 .text.ecx_siifind
                0x000182da      0x17c /home/joao-abreu/Linux_Apalis/linux-metroval/usr/SOEM1.3.0/lib/imx6/libsoem.a(ethercatmain.o)
                0x000182da                ecx_siifind
 .text.ecx_siistring
                0x00018456      0x162 /home/joao-abreu/Linux_Apalis/linux-metroval/usr/SOEM1.3.0/lib/imx6/libsoem.a(ethercatmain.o)
                0x00018456                ecx_siistring
 .text.ecx_siiFMMU
                0x000185b8      0x160 /home/joao-abreu/Linux_Apalis/linux-metroval/usr/SOEM1.3.0/lib/imx6/libsoem.a(ethercatmain.o)
                0x000185b8                ecx_siiFMMU
 .text.ecx_siiSM
                0x00018718      0x1cc /home/joao-abreu/Linux_Apalis/linux-metroval/usr/SOEM1.3.0/lib/imx6/libsoem.a(ethercatmain.o)
                0x00018718                ecx_siiSM
 .text.ecx_siiSMnext
                0x000188e4      0x186 /home/joao-abreu/Linux_Apalis/linux-metroval/usr/SOEM1.3.0/lib/imx6/libsoem.a(ethercatmain.o)
                0x000188e4                ecx_siiSMnext
 .text.ecx_siiPDO
                0x00018a6a      0x364 /home/joao-abreu/Linux_Apalis/linux-metroval/usr/SOEM1.3.0/lib/imx6/libsoem.a(ethercatmain.o)
                0x00018a6a                ecx_siiPDO
 .text.ecx_readstate
                0x00018dce       0xf8 /home/joao-abreu/Linux_Apalis/linux-metroval/usr/SOEM1.3.0/lib/imx6/libsoem.a(ethercatmain.o)
                0x00018dce                ecx_readstate
 .text.ecx_statecheck
                0x00018ec6      0x124 /home/joao-abreu/Linux_Apalis/linux-metroval/usr/SOEM1.3.0/lib/imx6/libsoem.a(ethercatmain.o)
                0x00018ec6                ecx_statecheck
 .text.ec_nextmbxcnt
                0x00018fea       0x2a /home/joao-abreu/Linux_Apalis/linux-metroval/usr/SOEM1.3.0/lib/imx6/libsoem.a(ethercatmain.o)
                0x00018fea                ec_nextmbxcnt
 .text.ec_clearmbx
                0x00019014       0x1a /home/joao-abreu/Linux_Apalis/linux-metroval/usr/SOEM1.3.0/lib/imx6/libsoem.a(ethercatmain.o)
                0x00019014                ec_clearmbx
 .text.ecx_mbxempty
                0x0001902e       0xb2 /home/joao-abreu/Linux_Apalis/linux-metroval/usr/SOEM1.3.0/lib/imx6/libsoem.a(ethercatmain.o)
                0x0001902e                ecx_mbxempty
 .text.ecx_mbxsend
                0x000190e0       0xac /home/joao-abreu/Linux_Apalis/linux-metroval/usr/SOEM1.3.0/lib/imx6/libsoem.a(ethercatmain.o)
                0x000190e0                ecx_mbxsend
 .text.ecx_mbxreceive
                0x0001918c      0x2ba /home/joao-abreu/Linux_Apalis/linux-metroval/usr/SOEM1.3.0/lib/imx6/libsoem.a(ethercatmain.o)
                0x0001918c                ecx_mbxreceive
 .text.ecx_readeeprom
                0x00019446       0x52 /home/joao-abreu/Linux_Apalis/linux-metroval/usr/SOEM1.3.0/lib/imx6/libsoem.a(ethercatmain.o)
                0x00019446                ecx_readeeprom
 .text.ecx_eeprom2master
                0x00019498       0xd8 /home/joao-abreu/Linux_Apalis/linux-metroval/usr/SOEM1.3.0/lib/imx6/libsoem.a(ethercatmain.o)
                0x00019498                ecx_eeprom2master
 .text.ecx_eeprom2pdi
                0x00019570       0x9e /home/joao-abreu/Linux_Apalis/linux-metroval/usr/SOEM1.3.0/lib/imx6/libsoem.a(ethercatmain.o)
                0x00019570                ecx_eeprom2pdi
 .text.ecx_eeprom_waitnotbusyFP
                0x0001960e       0x94 /home/joao-abreu/Linux_Apalis/linux-metroval/usr/SOEM1.3.0/lib/imx6/libsoem.a(ethercatmain.o)
                0x0001960e                ecx_eeprom_waitnotbusyFP
 .text.ecx_readeepromFP
                0x000196a2      0x198 /home/joao-abreu/Linux_Apalis/linux-metroval/usr/SOEM1.3.0/lib/imx6/libsoem.a(ethercatmain.o)
                0x000196a2                ecx_readeepromFP
 .text.ecx_readeeprom1
                0x0001983a       0xd0 /home/joao-abreu/Linux_Apalis/linux-metroval/usr/SOEM1.3.0/lib/imx6/libsoem.a(ethercatmain.o)
                0x0001983a                ecx_readeeprom1
 .text.ecx_readeeprom2
                0x0001990a       0x82 /home/joao-abreu/Linux_Apalis/linux-metroval/usr/SOEM1.3.0/lib/imx6/libsoem.a(ethercatmain.o)
                0x0001990a                ecx_readeeprom2
 .text.ec_init  0x0001998c       0x1e /home/joao-abreu/Linux_Apalis/linux-metroval/usr/SOEM1.3.0/lib/imx6/libsoem.a(ethercatmain.o)
                0x0001998c                ec_init
 .text.ec_close
                0x000199aa       0x12 /home/joao-abreu/Linux_Apalis/linux-metroval/usr/SOEM1.3.0/lib/imx6/libsoem.a(ethercatmain.o)
                0x000199aa                ec_close
 .text.ec_siigetbyte
                0x000199bc       0x32 /home/joao-abreu/Linux_Apalis/linux-metroval/usr/SOEM1.3.0/lib/imx6/libsoem.a(ethercatmain.o)
                0x000199bc                ec_siigetbyte
 .text.ec_siifind
                0x000199ee       0x32 /home/joao-abreu/Linux_Apalis/linux-metroval/usr/SOEM1.3.0/lib/imx6/libsoem.a(ethercatmain.o)
                0x000199ee                ec_siifind
 .text.ec_siistring
                0x00019a20       0x30 /home/joao-abreu/Linux_Apalis/linux-metroval/usr/SOEM1.3.0/lib/imx6/libsoem.a(ethercatmain.o)
                0x00019a20                ec_siistring
 .text.ec_readstate
                0x00019a50       0x14 /home/joao-abreu/Linux_Apalis/linux-metroval/usr/SOEM1.3.0/lib/imx6/libsoem.a(ethercatmain.o)
                0x00019a50                ec_readstate
 .text.ec_statecheck
                0x00019a64       0x32 /home/joao-abreu/Linux_Apalis/linux-metroval/usr/SOEM1.3.0/lib/imx6/libsoem.a(ethercatmain.o)
                0x00019a64                ec_statecheck
 .text.ec_eeprom2pdi
                0x00019a96       0x26 /home/joao-abreu/Linux_Apalis/linux-metroval/usr/SOEM1.3.0/lib/imx6/libsoem.a(ethercatmain.o)
                0x00019a96                ec_eeprom2pdi
 .text.ec_sdoerror2string
                0x00019abc       0x64 /home/joao-abreu/Linux_Apalis/linux-metroval/usr/SOEM1.3.0/lib/imx6/libsoem.a(ethercatprint.o)
                0x00019abc                ec_sdoerror2string
 .text.ec_ALstatuscode2string
                0x00019b20       0x6c /home/joao-abreu/Linux_Apalis/linux-metroval/usr/SOEM1.3.0/lib/imx6/libsoem.a(ethercatprint.o)
                0x00019b20                ec_ALstatuscode2string
 .text.ec_soeerror2string
                0x00019b8c       0x6c /home/joao-abreu/Linux_Apalis/linux-metroval/usr/SOEM1.3.0/lib/imx6/libsoem.a(ethercatprint.o)
                0x00019b8c                ec_soeerror2string
 .text.ec_mbxerror2string
                0x00019bf8       0x6c /home/joao-abreu/Linux_Apalis/linux-metroval/usr/SOEM1.3.0/lib/imx6/libsoem.a(ethercatprint.o)
                0x00019bf8                ec_mbxerror2string
 *fill*         0x00019c64        0x4 
 .text.ecx_elist2string
                0x00019c68      0x208 /home/joao-abreu/Linux_Apalis/linux-metroval/usr/SOEM1.3.0/lib/imx6/libsoem.a(ethercatprint.o)
                0x00019c68                ecx_elist2string
 .text.ec_elist2string
                0x00019e70       0x14 /home/joao-abreu/Linux_Apalis/linux-metroval/usr/SOEM1.3.0/lib/imx6/libsoem.a(ethercatprint.o)
                0x00019e70                ec_elist2string
 .text.ecx_SoEerror
                0x00019e84       0x6e /home/joao-abreu/Linux_Apalis/linux-metroval/usr/SOEM1.3.0/lib/imx6/libsoem.a(ethercatsoe.o)
                0x00019e84                ecx_SoEerror
 .text.ecx_SoEread
                0x00019ef2      0x35a /home/joao-abreu/Linux_Apalis/linux-metroval/usr/SOEM1.3.0/lib/imx6/libsoem.a(ethercatsoe.o)
                0x00019ef2                ecx_SoEread
 .text.ecx_readIDNmap
                0x0001a24c      0x1ee /home/joao-abreu/Linux_Apalis/linux-metroval/usr/SOEM1.3.0/lib/imx6/libsoem.a(ethercatsoe.o)
                0x0001a24c                ecx_readIDNmap
 .text.ecx_setupdatagram
                0x0001a43a       0xb2 /home/joao-abreu/Linux_Apalis/linux-metroval/usr/SOEM1.3.0/lib/imx6/libsoem.a(ethercatbase.o)
                0x0001a43a                ecx_setupdatagram
 .text.ecx_BWR  0x0001a4ec       0x8e /home/joao-abreu/Linux_Apalis/linux-metroval/usr/SOEM1.3.0/lib/imx6/libsoem.a(ethercatbase.o)
                0x0001a4ec                ecx_BWR
 .text.ecx_BRD  0x0001a57a       0xb2 /home/joao-abreu/Linux_Apalis/linux-metroval/usr/SOEM1.3.0/lib/imx6/libsoem.a(ethercatbase.o)
                0x0001a57a                ecx_BRD
 .text.ecx_APRD
                0x0001a62c       0xb2 /home/joao-abreu/Linux_Apalis/linux-metroval/usr/SOEM1.3.0/lib/imx6/libsoem.a(ethercatbase.o)
                0x0001a62c                ecx_APRD
 .text.ecx_APRDw
                0x0001a6de       0x40 /home/joao-abreu/Linux_Apalis/linux-metroval/usr/SOEM1.3.0/lib/imx6/libsoem.a(ethercatbase.o)
                0x0001a6de                ecx_APRDw
 .text.ecx_FPRD
                0x0001a71e       0xb2 /home/joao-abreu/Linux_Apalis/linux-metroval/usr/SOEM1.3.0/lib/imx6/libsoem.a(ethercatbase.o)
                0x0001a71e                ecx_FPRD
 .text.ecx_FPRDw
                0x0001a7d0       0x40 /home/joao-abreu/Linux_Apalis/linux-metroval/usr/SOEM1.3.0/lib/imx6/libsoem.a(ethercatbase.o)
                0x0001a7d0                ecx_FPRDw
 .text.ecx_APWR
                0x0001a810       0x8e /home/joao-abreu/Linux_Apalis/linux-metroval/usr/SOEM1.3.0/lib/imx6/libsoem.a(ethercatbase.o)
                0x0001a810                ecx_APWR
 .text.ecx_APWRw
                0x0001a89e       0x42 /home/joao-abreu/Linux_Apalis/linux-metroval/usr/SOEM1.3.0/lib/imx6/libsoem.a(ethercatbase.o)
                0x0001a89e                ecx_APWRw
 .text.ecx_FPWR
                0x0001a8e0       0x8e /home/joao-abreu/Linux_Apalis/linux-metroval/usr/SOEM1.3.0/lib/imx6/libsoem.a(ethercatbase.o)
                0x0001a8e0                ecx_FPWR
 .text.ecx_FPWRw
                0x0001a96e       0x42 /home/joao-abreu/Linux_Apalis/linux-metroval/usr/SOEM1.3.0/lib/imx6/libsoem.a(ethercatbase.o)
                0x0001a96e                ecx_FPWRw
 .text          0x0001a9b0       0x44 /home/joao-abreu/gcc-linaro-6.2.1-2016.11-i686_arm-linux-gnueabihf/bin/../arm-linux-gnueabihf/libc/usr/lib/libc_nonshared.a(elf-init.oS)
                0x0001a9b0                __libc_csu_init
                0x0001a9f0                __libc_csu_fini
 .text.ecx_setupnic
                0x0001a9f4      0x2dc /home/joao-abreu/Linux_Apalis/linux-metroval/usr/SOEM1.3.0/lib/imx6/liboshw.a(nicdrv.o)
                0x0001a9f4                ecx_setupnic
 .text.ecx_closenic
                0x0001acd0       0x52 /home/joao-abreu/Linux_Apalis/linux-metroval/usr/SOEM1.3.0/lib/imx6/liboshw.a(nicdrv.o)
                0x0001acd0                ecx_closenic
 .text.ec_setupheader
                0x0001ad22       0x88 /home/joao-abreu/Linux_Apalis/linux-metroval/usr/SOEM1.3.0/lib/imx6/liboshw.a(nicdrv.o)
                0x0001ad22                ec_setupheader
 .text.ecx_getindex
                0x0001adaa       0xb4 /home/joao-abreu/Linux_Apalis/linux-metroval/usr/SOEM1.3.0/lib/imx6/liboshw.a(nicdrv.o)
                0x0001adaa                ecx_getindex
 .text.ecx_setbufstat
                0x0001ae5e       0x40 /home/joao-abreu/Linux_Apalis/linux-metroval/usr/SOEM1.3.0/lib/imx6/liboshw.a(nicdrv.o)
                0x0001ae5e                ecx_setbufstat
 .text.ecx_outframe
                0x0001ae9e       0x64 /home/joao-abreu/Linux_Apalis/linux-metroval/usr/SOEM1.3.0/lib/imx6/liboshw.a(nicdrv.o)
                0x0001ae9e                ecx_outframe
 .text.ecx_outframe_red
                0x0001af02       0xdc /home/joao-abreu/Linux_Apalis/linux-metroval/usr/SOEM1.3.0/lib/imx6/liboshw.a(nicdrv.o)
                0x0001af02                ecx_outframe_red
 .text.ecx_recvpkt
                0x0001afde       0x5a /home/joao-abreu/Linux_Apalis/linux-metroval/usr/SOEM1.3.0/lib/imx6/liboshw.a(nicdrv.o)
 .text.ecx_inframe
                0x0001b038      0x1be /home/joao-abreu/Linux_Apalis/linux-metroval/usr/SOEM1.3.0/lib/imx6/liboshw.a(nicdrv.o)
                0x0001b038                ecx_inframe
 .text.ecx_waitinframe_red
                0x0001b1f6      0x224 /home/joao-abreu/Linux_Apalis/linux-metroval/usr/SOEM1.3.0/lib/imx6/liboshw.a(nicdrv.o)
 .text.ecx_srconfirm
                0x0001b41a       0x82 /home/joao-abreu/Linux_Apalis/linux-metroval/usr/SOEM1.3.0/lib/imx6/liboshw.a(nicdrv.o)
                0x0001b41a                ecx_srconfirm
 .text.osal_usleep
                0x0001b49c       0x52 /home/joao-abreu/Linux_Apalis/linux-metroval/usr/SOEM1.3.0/lib/imx6/libosal.a(osal.o)
                0x0001b49c                osal_usleep
 .text.osal_gettimeofday
                0x0001b4ee       0x3a /home/joao-abreu/Linux_Apalis/linux-metroval/usr/SOEM1.3.0/lib/imx6/libosal.a(osal.o)
                0x0001b4ee                osal_gettimeofday
 .text.osal_current_time
                0x0001b528       0x2e /home/joao-abreu/Linux_Apalis/linux-metroval/usr/SOEM1.3.0/lib/imx6/libosal.a(osal.o)
                0x0001b528                osal_current_time
 .text.osal_timer_start
                0x0001b556       0x8c /home/joao-abreu/Linux_Apalis/linux-metroval/usr/SOEM1.3.0/lib/imx6/libosal.a(osal.o)
                0x0001b556                osal_timer_start
 .text.osal_timer_is_expired
                0x0001b5e2       0x58 /home/joao-abreu/Linux_Apalis/linux-metroval/usr/SOEM1.3.0/lib/imx6/libosal.a(osal.o)
                0x0001b5e2                osal_timer_is_expired
 *(.gnu.warning)
 *(.glue_7t)
 .glue_7t       0x0001b63a        0x0 linker stubs
 *(.glue_7)
 .glue_7        0x0001b63a        0x0 linker stubs
 *(.vfp11_veneer)
 .vfp11_veneer  0x0001b63a        0x0 linker stubs
 *(.v4_bx)
 .v4_bx         0x0001b63a        0x0 linker stubs

.fini           0x0001b63c        0x8
 *(SORT(.fini))
 .fini          0x0001b63c        0x4 /home/joao-abreu/gcc-linaro-6.2.1-2016.11-i686_arm-linux-gnueabihf/bin/../arm-linux-gnueabihf/libc/usr/lib/crti.o
                0x0001b63c                _fini
 .fini          0x0001b640        0x4 /home/joao-abreu/gcc-linaro-6.2.1-2016.11-i686_arm-linux-gnueabihf/bin/../arm-linux-gnueabihf/libc/usr/lib/crtn.o
                [!provide]                PROVIDE (__etext, .)
                [!provide]                PROVIDE (_etext, .)
                [!provide]                PROVIDE (etext, .)

.rodata         0x0001b644     0x59c5
 *(.rodata .rodata.* .gnu.linkonce.r.*)
 .rodata        0x0001b644      0x810 obj/imx6/slaveinfo.o
 .rodata        0x0001be54      0x6de /home/joao-abreu/Linux_Apalis/linux-metroval/usr/SOEM1.3.0/lib/imx6/libsoem.a(ethercatconfig.o)
                0x0001be54                ec_configlist
 *fill*         0x0001c532        0x2 
 .rodata        0x0001c534     0x4ad5 /home/joao-abreu/Linux_Apalis/linux-metroval/usr/SOEM1.3.0/lib/imx6/libsoem.a(ethercatprint.o)
                0x0001c534                ec_sdoerrorlist
                0x0001d5b4                ec_ALstatuscodelist
                0x0001f01c                ec_soeerrorlist
                0x00020a04                ec_mbxerrorlist

.rodata1
 *(.rodata1)

.ARM.extab
 *(.ARM.extab* .gnu.linkonce.armextab.*)
                [!provide]                PROVIDE (__exidx_start, .)

.ARM.exidx      0x0002100c        0x8
 *(.ARM.exidx* .gnu.linkonce.armexidx.*)
 .ARM.exidx     0x0002100c        0x8 /home/joao-abreu/gcc-linaro-6.2.1-2016.11-i686_arm-linux-gnueabihf/bin/../arm-linux-gnueabihf/libc/usr/lib/crt1.o
                [!provide]                PROVIDE (__exidx_end, .)

.eh_frame_hdr
 *(.eh_frame_hdr)
 *(.eh_frame_entry .eh_frame_entry.*)

.eh_frame       0x00021014        0x4
 *(.eh_frame)
 .eh_frame      0x00021014        0x4 /home/joao-abreu/gcc-linaro-6.2.1-2016.11-i686_arm-linux-gnueabihf/bin/../lib/gcc/arm-linux-gnueabihf/6.2.1/crtend.o
 *(.eh_frame.*)

.gcc_except_table
 *(.gcc_except_table .gcc_except_table.*)

.gnu_extab
 *(.gnu_extab*)

.exception_ranges
 *(.exception_ranges .exception_ranges*)
                0x00031018                . = DATA_SEGMENT_ALIGN (0x10000, 0x1000)

.eh_frame
 *(.eh_frame)
 *(.eh_frame.*)

.gnu_extab
 *(.gnu_extab)

.gcc_except_table
 *(.gcc_except_table .gcc_except_table.*)

.exception_ranges
 *(.exception_ranges .exception_ranges*)

.tdata
 *(.tdata .tdata.* .gnu.linkonce.td.*)

.tbss
 *(.tbss .tbss.* .gnu.linkonce.tb.*)
 *(.tcommon)

.preinit_array  0x00031018        0x0
                [!provide]                PROVIDE (__preinit_array_start, .)
 *(.preinit_array)
                [!provide]                PROVIDE (__preinit_array_end, .)

.init_array     0x00031018        0x4
                0x00031018                PROVIDE (__init_array_start, .)
 *(SORT(.init_array.*) SORT(.ctors.*))
 *(.init_array EXCLUDE_FILE(*crtend?.o *crtend.o *crtbegin?.o *crtbegin.o) .ctors)
 .init_array    0x00031018        0x4 /home/joao-abreu/gcc-linaro-6.2.1-2016.11-i686_arm-linux-gnueabihf/bin/../lib/gcc/arm-linux-gnueabihf/6.2.1/crtbegin.o
                0x0003101c                PROVIDE (__init_array_end, .)

.fini_array     0x0003101c        0x4
                [!provide]                PROVIDE (__fini_array_start, .)
 *(SORT(.fini_array.*) SORT(.dtors.*))
 *(.fini_array EXCLUDE_FILE(*crtend?.o *crtend.o *crtbegin?.o *crtbegin.o) .dtors)
 .fini_array    0x0003101c        0x4 /home/joao-abreu/gcc-linaro-6.2.1-2016.11-i686_arm-linux-gnueabihf/bin/../lib/gcc/arm-linux-gnueabihf/6.2.1/crtbegin.o
                [!provide]                PROVIDE (__fini_array_end, .)

.ctors
 *crtbegin.o(.ctors)
 *crtbegin?.o(.ctors)
 *(EXCLUDE_FILE(*crtend?.o *crtend.o) .ctors)
 *(SORT(.ctors.*))
 *(.ctors)

.dtors
 *crtbegin.o(.dtors)
 *crtbegin?.o(.dtors)
 *(EXCLUDE_FILE(*crtend?.o *crtend.o) .dtors)
 *(SORT(.dtors.*))
 *(.dtors)

.jcr            0x00031020        0x4
 *(.jcr)
 .jcr           0x00031020        0x0 /home/joao-abreu/gcc-linaro-6.2.1-2016.11-i686_arm-linux-gnueabihf/bin/../lib/gcc/arm-linux-gnueabihf/6.2.1/crtbegin.o
 .jcr           0x00031020        0x4 /home/joao-abreu/gcc-linaro-6.2.1-2016.11-i686_arm-linux-gnueabihf/bin/../lib/gcc/arm-linux-gnueabihf/6.2.1/crtend.o

.data.rel.ro
 *(.data.rel.ro.local* .gnu.linkonce.d.rel.ro.local.*)
 *(.data.rel.ro .data.rel.ro.* .gnu.linkonce.d.rel.ro.*)

.dynamic        0x00031024       0xf8
 *(.dynamic)
 .dynamic       0x00031024       0xf8 /home/joao-abreu/gcc-linaro-6.2.1-2016.11-i686_arm-linux-gnueabihf/bin/../arm-linux-gnueabihf/libc/usr/lib/crt1.o
                0x00031024                _DYNAMIC
                0x0003111c                . = DATA_SEGMENT_RELRO_END (., 0x0)

.got            0x0003111c       0x7c
 *(.got.plt)
 .got.plt       0x0003111c       0x78 /home/joao-abreu/gcc-linaro-6.2.1-2016.11-i686_arm-linux-gnueabihf/bin/../arm-linux-gnueabihf/libc/usr/lib/crt1.o
                0x0003111c                _GLOBAL_OFFSET_TABLE_
 *(.igot.plt)
 .igot.plt      0x00031194        0x0 /home/joao-abreu/gcc-linaro-6.2.1-2016.11-i686_arm-linux-gnueabihf/bin/../arm-linux-gnueabihf/libc/usr/lib/crt1.o
 *(.got)
 .got           0x00031194        0x4 /home/joao-abreu/gcc-linaro-6.2.1-2016.11-i686_arm-linux-gnueabihf/bin/../arm-linux-gnueabihf/libc/usr/lib/crt1.o
 *(.igot)

.data           0x00031198       0x50
                [!provide]                PROVIDE (__data_start, .)
 *(.data .data.* .gnu.linkonce.d.*)
 .data          0x00031198       0x50 /home/joao-abreu/Linux_Apalis/linux-metroval/usr/SOEM1.3.0/lib/imx6/libsoem.a(ethercatmain.o)
                0x00031198                ecx_context

.tm_clone_table
                0x000311e8        0x0
 .tm_clone_table
                0x000311e8        0x0 /home/joao-abreu/gcc-linaro-6.2.1-2016.11-i686_arm-linux-gnueabihf/bin/../lib/gcc/arm-linux-gnueabihf/6.2.1/crtbegin.o
 .tm_clone_table
                0x000311e8        0x0 /home/joao-abreu/gcc-linaro-6.2.1-2016.11-i686_arm-linux-gnueabihf/bin/../lib/gcc/arm-linux-gnueabihf/6.2.1/crtend.o

.data1
 *(.data1)
                0x000311e8                _edata = .
                [!provide]                PROVIDE (edata, .)
                0x000311e8                . = .
                0x000311e8                __bss_start = .
                0x000311e8                __bss_start__ = .

.bss            0x000311e8    0x3473c
 *(.dynbss)
 .dynbss        0x000311e8        0x0 /home/joao-abreu/gcc-linaro-6.2.1-2016.11-i686_arm-linux-gnueabihf/bin/../arm-linux-gnueabihf/libc/usr/lib/crt1.o
 *(.bss .bss.* .gnu.linkonce.b.*)
 .bss           0x000311e8        0x1 /home/joao-abreu/gcc-linaro-6.2.1-2016.11-i686_arm-linux-gnueabihf/bin/../lib/gcc/arm-linux-gnueabihf/6.2.1/crtbegin.o
 .bss           0x000311e9        0x2 obj/imx6/slaveinfo.o
                0x000311e9                printSDO
                0x000311ea                printMAP
 *fill*         0x000311eb        0x1 
 .bss           0x000311ec     0x1fc0 /home/joao-abreu/Linux_Apalis/linux-metroval/usr/SOEM1.3.0/lib/imx6/libsoem.a(ethercatmain.o)
                0x000311ec                EcatError
 *(COMMON)
 COMMON         0x000331ac    0x10088 obj/imx6/slaveinfo.o
                0x000331ac                IOmap
                0x000341ac                OElist
                0x000371b0                hstr
                0x000375b0                ODlist
                0x000431b4                usdo
 *fill*         0x00043234        0x4 
 COMMON         0x00043238    0x2266c /home/joao-abreu/Linux_Apalis/linux-metroval/usr/SOEM1.3.0/lib/imx6/libsoem.a(ethercatmain.o)
                0x00043238                ecx_port
                0x0004fd14                ecx_redport
                0x00056288                ec_DCtime
                0x00056290                ec_slavecount
                0x00056294                ec_group
                0x000564e4                ec_slave
 COMMON         0x000658a4       0x7f /home/joao-abreu/Linux_Apalis/linux-metroval/usr/SOEM1.3.0/lib/imx6/libsoem.a(ethercatprint.o)
                0x000658a4                estring
                0x00065924                . = ALIGN ((. != 0x0)?0x4:0x1)
 *fill*         0x00065923        0x1 
                0x00065924                _bss_end__ = .
                0x00065924                __bss_end__ = .
                0x00065924                . = ALIGN (0x4)
                0x00065924                . = SEGMENT_START ("ldata-segment", .)
                0x00065924                . = ALIGN (0x4)
                0x00065924                __end__ = .
                0x00065924                _end = .
                [!provide]                PROVIDE (end, .)
                0x00065924                . = DATA_SEGMENT_END (.)

.stab
 *(.stab)

.stabstr
 *(.stabstr)

.stab.excl
 *(.stab.excl)

.stab.exclstr
 *(.stab.exclstr)

.stab.index
 *(.stab.index)

.stab.indexstr
 *(.stab.indexstr)

.comment        0x00000000       0x2d
 *(.comment)
 .comment       0x00000000       0x2d /home/joao-abreu/gcc-linaro-6.2.1-2016.11-i686_arm-linux-gnueabihf/bin/../arm-linux-gnueabihf/libc/usr/lib/crt1.o
                                 0x2e (size before relaxing)
 .comment       0x0000002d       0x2e /home/joao-abreu/gcc-linaro-6.2.1-2016.11-i686_arm-linux-gnueabihf/bin/../lib/gcc/arm-linux-gnueabihf/6.2.1/crtbegin.o
 .comment       0x0000002d       0x2e obj/imx6/slaveinfo.o
 .comment       0x0000002d       0x2e /home/joao-abreu/Linux_Apalis/linux-metroval/usr/SOEM1.3.0/lib/imx6/libsoem.a(ethercatcoe.o)
 .comment       0x0000002d       0x2e /home/joao-abreu/Linux_Apalis/linux-metroval/usr/SOEM1.3.0/lib/imx6/libsoem.a(ethercatconfig.o)
 .comment       0x0000002d       0x2e /home/joao-abreu/Linux_Apalis/linux-metroval/usr/SOEM1.3.0/lib/imx6/libsoem.a(ethercatdc.o)
 .comment       0x0000002d       0x2e /home/joao-abreu/Linux_Apalis/linux-metroval/usr/SOEM1.3.0/lib/imx6/libsoem.a(ethercatmain.o)
 .comment       0x0000002d       0x2e /home/joao-abreu/Linux_Apalis/linux-metroval/usr/SOEM1.3.0/lib/imx6/libsoem.a(ethercatprint.o)
 .comment       0x0000002d       0x2e /home/joao-abreu/Linux_Apalis/linux-metroval/usr/SOEM1.3.0/lib/imx6/libsoem.a(ethercatsoe.o)
 .comment       0x0000002d       0x2e /home/joao-abreu/Linux_Apalis/linux-metroval/usr/SOEM1.3.0/lib/imx6/libsoem.a(ethercatbase.o)
 .comment       0x0000002d       0x2e /home/joao-abreu/gcc-linaro-6.2.1-2016.11-i686_arm-linux-gnueabihf/bin/../arm-linux-gnueabihf/libc/usr/lib/libc_nonshared.a(elf-init.oS)
 .comment       0x0000002d       0x2e /home/joao-abreu/Linux_Apalis/linux-metroval/usr/SOEM1.3.0/lib/imx6/liboshw.a(nicdrv.o)
 .comment       0x0000002d       0x2e /home/joao-abreu/Linux_Apalis/linux-metroval/usr/SOEM1.3.0/lib/imx6/libosal.a(osal.o)
 .comment       0x0000002d       0x2e /home/joao-abreu/gcc-linaro-6.2.1-2016.11-i686_arm-linux-gnueabihf/bin/../lib/gcc/arm-linux-gnueabihf/6.2.1/crtend.o

.ARM.attributes
                0x00000000       0x33
 .ARM.attributes
                0x00000000       0x33 /home/joao-abreu/gcc-linaro-6.2.1-2016.11-i686_arm-linux-gnueabihf/bin/../arm-linux-gnueabihf/libc/usr/lib/crt1.o
 .ARM.attributes
                0x00000033       0x23 /home/joao-abreu/gcc-linaro-6.2.1-2016.11-i686_arm-linux-gnueabihf/bin/../arm-linux-gnueabihf/libc/usr/lib/crti.o
 .ARM.attributes
                0x00000056       0x33 /home/joao-abreu/gcc-linaro-6.2.1-2016.11-i686_arm-linux-gnueabihf/bin/../lib/gcc/arm-linux-gnueabihf/6.2.1/crtbegin.o
 .ARM.attributes
                0x00000089       0x33 obj/imx6/slaveinfo.o
 .ARM.attributes
                0x000000bc       0x33 /home/joao-abreu/Linux_Apalis/linux-metroval/usr/SOEM1.3.0/lib/imx6/libsoem.a(ethercatcoe.o)
 .ARM.attributes
                0x000000ef       0x33 /home/joao-abreu/Linux_Apalis/linux-metroval/usr/SOEM1.3.0/lib/imx6/libsoem.a(ethercatconfig.o)
 .ARM.attributes
                0x00000122       0x33 /home/joao-abreu/Linux_Apalis/linux-metroval/usr/SOEM1.3.0/lib/imx6/libsoem.a(ethercatdc.o)
 .ARM.attributes
                0x00000155       0x33 /home/joao-abreu/Linux_Apalis/linux-metroval/usr/SOEM1.3.0/lib/imx6/libsoem.a(ethercatmain.o)
 .ARM.attributes
                0x00000188       0x33 /home/joao-abreu/Linux_Apalis/linux-metroval/usr/SOEM1.3.0/lib/imx6/libsoem.a(ethercatprint.o)
 .ARM.attributes
                0x000001bb       0x33 /home/joao-abreu/Linux_Apalis/linux-metroval/usr/SOEM1.3.0/lib/imx6/libsoem.a(ethercatsoe.o)
 .ARM.attributes
                0x000001ee       0x33 /home/joao-abreu/Linux_Apalis/linux-metroval/usr/SOEM1.3.0/lib/imx6/libsoem.a(ethercatbase.o)
 .ARM.attributes
                0x00000221       0x35 /home/joao-abreu/gcc-linaro-6.2.1-2016.11-i686_arm-linux-gnueabihf/bin/../arm-linux-gnueabihf/libc/usr/lib/libc_nonshared.a(elf-init.oS)
 .ARM.attributes
                0x00000256       0x33 /home/joao-abreu/Linux_Apalis/linux-metroval/usr/SOEM1.3.0/lib/imx6/liboshw.a(nicdrv.o)
 .ARM.attributes
                0x00000289       0x33 /home/joao-abreu/Linux_Apalis/linux-metroval/usr/SOEM1.3.0/lib/imx6/libosal.a(osal.o)
 .ARM.attributes
                0x000002bc       0x33 /home/joao-abreu/gcc-linaro-6.2.1-2016.11-i686_arm-linux-gnueabihf/bin/../lib/gcc/arm-linux-gnueabihf/6.2.1/crtend.o
 .ARM.attributes
                0x000002ef       0x23 /home/joao-abreu/gcc-linaro-6.2.1-2016.11-i686_arm-linux-gnueabihf/bin/../arm-linux-gnueabihf/libc/usr/lib/crtn.o

.debug
 *(.debug)

.line
 *(.line)

.debug_srcinfo
 *(.debug_srcinfo)

.debug_sfnames
 *(.debug_sfnames)

.debug_aranges  0x00000000      0x858
 *(.debug_aranges)
 .debug_aranges
                0x00000000       0x38 /home/joao-abreu/gcc-linaro-6.2.1-2016.11-i686_arm-linux-gnueabihf/bin/../arm-linux-gnueabihf/libc/usr/lib/crt1.o
 .debug_aranges
                0x00000038       0x30 /home/joao-abreu/gcc-linaro-6.2.1-2016.11-i686_arm-linux-gnueabihf/bin/../arm-linux-gnueabihf/libc/usr/lib/crti.o
 .debug_aranges
                0x00000068       0x60 obj/imx6/slaveinfo.o
 .debug_aranges
                0x000000c8       0xf0 /home/joao-abreu/Linux_Apalis/linux-metroval/usr/SOEM1.3.0/lib/imx6/libsoem.a(ethercatcoe.o)
 .debug_aranges
                0x000001b8       0x70 /home/joao-abreu/Linux_Apalis/linux-metroval/usr/SOEM1.3.0/lib/imx6/libsoem.a(ethercatconfig.o)
 .debug_aranges
                0x00000228       0x60 /home/joao-abreu/Linux_Apalis/linux-metroval/usr/SOEM1.3.0/lib/imx6/libsoem.a(ethercatdc.o)
 .debug_aranges
                0x00000288      0x2b8 /home/joao-abreu/Linux_Apalis/linux-metroval/usr/SOEM1.3.0/lib/imx6/libsoem.a(ethercatmain.o)
 .debug_aranges
                0x00000540       0x48 /home/joao-abreu/Linux_Apalis/linux-metroval/usr/SOEM1.3.0/lib/imx6/libsoem.a(ethercatprint.o)
 .debug_aranges
                0x00000588       0x50 /home/joao-abreu/Linux_Apalis/linux-metroval/usr/SOEM1.3.0/lib/imx6/libsoem.a(ethercatsoe.o)
 .debug_aranges
                0x000005d8      0x138 /home/joao-abreu/Linux_Apalis/linux-metroval/usr/SOEM1.3.0/lib/imx6/libsoem.a(ethercatbase.o)
 .debug_aranges
                0x00000710       0x20 /home/joao-abreu/gcc-linaro-6.2.1-2016.11-i686_arm-linux-gnueabihf/bin/../arm-linux-gnueabihf/libc/usr/lib/libc_nonshared.a(elf-init.oS)
 .debug_aranges
                0x00000730       0xc0 /home/joao-abreu/Linux_Apalis/linux-metroval/usr/SOEM1.3.0/lib/imx6/liboshw.a(nicdrv.o)
 .debug_aranges
                0x000007f0       0x40 /home/joao-abreu/Linux_Apalis/linux-metroval/usr/SOEM1.3.0/lib/imx6/libosal.a(osal.o)
 .debug_aranges
                0x00000830       0x28 /home/joao-abreu/gcc-linaro-6.2.1-2016.11-i686_arm-linux-gnueabihf/bin/../arm-linux-gnueabihf/libc/usr/lib/crtn.o

.debug_pubnames
 *(.debug_pubnames)

.debug_info     0x00000000    0x12391
 *(.debug_info .gnu.linkonce.wi.*)
 .debug_info    0x00000000      0x163 /home/joao-abreu/gcc-linaro-6.2.1-2016.11-i686_arm-linux-gnueabihf/bin/../arm-linux-gnueabihf/libc/usr/lib/crt1.o
 .debug_info    0x00000163       0xd6 /home/joao-abreu/gcc-linaro-6.2.1-2016.11-i686_arm-linux-gnueabihf/bin/../arm-linux-gnueabihf/libc/usr/lib/crti.o
 .debug_info    0x00000239     0x1c05 obj/imx6/slaveinfo.o
 .debug_info    0x00001e3e     0x2596 /home/joao-abreu/Linux_Apalis/linux-metroval/usr/SOEM1.3.0/lib/imx6/libsoem.a(ethercatcoe.o)
 .debug_info    0x000043d4     0x1b1a /home/joao-abreu/Linux_Apalis/linux-metroval/usr/SOEM1.3.0/lib/imx6/libsoem.a(ethercatconfig.o)
 .debug_info    0x00005eee     0x159b /home/joao-abreu/Linux_Apalis/linux-metroval/usr/SOEM1.3.0/lib/imx6/libsoem.a(ethercatdc.o)
 .debug_info    0x00007489     0x36c8 /home/joao-abreu/Linux_Apalis/linux-metroval/usr/SOEM1.3.0/lib/imx6/libsoem.a(ethercatmain.o)
 .debug_info    0x0000ab51     0x1519 /home/joao-abreu/Linux_Apalis/linux-metroval/usr/SOEM1.3.0/lib/imx6/libsoem.a(ethercatprint.o)
 .debug_info    0x0000c06a     0x1981 /home/joao-abreu/Linux_Apalis/linux-metroval/usr/SOEM1.3.0/lib/imx6/libsoem.a(ethercatsoe.o)
 .debug_info    0x0000d9eb     0x2581 /home/joao-abreu/Linux_Apalis/linux-metroval/usr/SOEM1.3.0/lib/imx6/libsoem.a(ethercatbase.o)
 .debug_info    0x0000ff6c      0x189 /home/joao-abreu/gcc-linaro-6.2.1-2016.11-i686_arm-linux-gnueabihf/bin/../arm-linux-gnueabihf/libc/usr/lib/libc_nonshared.a(elf-init.oS)
 .debug_info    0x000100f5     0x1e1b /home/joao-abreu/Linux_Apalis/linux-metroval/usr/SOEM1.3.0/lib/imx6/liboshw.a(nicdrv.o)
 .debug_info    0x00011f10      0x3ab /home/joao-abreu/Linux_Apalis/linux-metroval/usr/SOEM1.3.0/lib/imx6/libosal.a(osal.o)
 .debug_info    0x000122bb       0xd6 /home/joao-abreu/gcc-linaro-6.2.1-2016.11-i686_arm-linux-gnueabihf/bin/../arm-linux-gnueabihf/libc/usr/lib/crtn.o

.debug_abbrev   0x00000000     0x1c44
 *(.debug_abbrev)
 .debug_abbrev  0x00000000       0x52 /home/joao-abreu/gcc-linaro-6.2.1-2016.11-i686_arm-linux-gnueabihf/bin/../arm-linux-gnueabihf/libc/usr/lib/crt1.o
 .debug_abbrev  0x00000052       0x12 /home/joao-abreu/gcc-linaro-6.2.1-2016.11-i686_arm-linux-gnueabihf/bin/../arm-linux-gnueabihf/libc/usr/lib/crti.o
 .debug_abbrev  0x00000064      0x2b1 obj/imx6/slaveinfo.o
 .debug_abbrev  0x00000315      0x2c3 /home/joao-abreu/Linux_Apalis/linux-metroval/usr/SOEM1.3.0/lib/imx6/libsoem.a(ethercatcoe.o)
 .debug_abbrev  0x000005d8      0x2a0 /home/joao-abreu/Linux_Apalis/linux-metroval/usr/SOEM1.3.0/lib/imx6/libsoem.a(ethercatconfig.o)
 .debug_abbrev  0x00000878      0x2c0 /home/joao-abreu/Linux_Apalis/linux-metroval/usr/SOEM1.3.0/lib/imx6/libsoem.a(ethercatdc.o)
 .debug_abbrev  0x00000b38      0x3a9 /home/joao-abreu/Linux_Apalis/linux-metroval/usr/SOEM1.3.0/lib/imx6/libsoem.a(ethercatmain.o)
 .debug_abbrev  0x00000ee1      0x266 /home/joao-abreu/Linux_Apalis/linux-metroval/usr/SOEM1.3.0/lib/imx6/libsoem.a(ethercatprint.o)
 .debug_abbrev  0x00001147      0x2a6 /home/joao-abreu/Linux_Apalis/linux-metroval/usr/SOEM1.3.0/lib/imx6/libsoem.a(ethercatsoe.o)
 .debug_abbrev  0x000013ed      0x29e /home/joao-abreu/Linux_Apalis/linux-metroval/usr/SOEM1.3.0/lib/imx6/libsoem.a(ethercatbase.o)
 .debug_abbrev  0x0000168b      0x118 /home/joao-abreu/gcc-linaro-6.2.1-2016.11-i686_arm-linux-gnueabihf/bin/../arm-linux-gnueabihf/libc/usr/lib/libc_nonshared.a(elf-init.oS)
 .debug_abbrev  0x000017a3      0x34e /home/joao-abreu/Linux_Apalis/linux-metroval/usr/SOEM1.3.0/lib/imx6/liboshw.a(nicdrv.o)
 .debug_abbrev  0x00001af1      0x141 /home/joao-abreu/Linux_Apalis/linux-metroval/usr/SOEM1.3.0/lib/imx6/libosal.a(osal.o)
 .debug_abbrev  0x00001c32       0x12 /home/joao-abreu/gcc-linaro-6.2.1-2016.11-i686_arm-linux-gnueabihf/bin/../arm-linux-gnueabihf/libc/usr/lib/crtn.o

.debug_line     0x00000000     0x456b
 *(.debug_line .debug_line.* .debug_line_end)
 .debug_line    0x00000000       0x80 /home/joao-abreu/gcc-linaro-6.2.1-2016.11-i686_arm-linux-gnueabihf/bin/../arm-linux-gnueabihf/libc/usr/lib/crt1.o
 .debug_line    0x00000080       0x6c /home/joao-abreu/gcc-linaro-6.2.1-2016.11-i686_arm-linux-gnueabihf/bin/../arm-linux-gnueabihf/libc/usr/lib/crti.o
 .debug_line    0x000000ec      0x714 obj/imx6/slaveinfo.o
 .debug_line    0x00000800      0x8a6 /home/joao-abreu/Linux_Apalis/linux-metroval/usr/SOEM1.3.0/lib/imx6/libsoem.a(ethercatcoe.o)
 .debug_line    0x000010a6      0x88d /home/joao-abreu/Linux_Apalis/linux-metroval/usr/SOEM1.3.0/lib/imx6/libsoem.a(ethercatconfig.o)
 .debug_line    0x00001933      0x42e /home/joao-abreu/Linux_Apalis/linux-metroval/usr/SOEM1.3.0/lib/imx6/libsoem.a(ethercatdc.o)
 .debug_line    0x00001d61      0xdcf /home/joao-abreu/Linux_Apalis/linux-metroval/usr/SOEM1.3.0/lib/imx6/libsoem.a(ethercatmain.o)
 .debug_line    0x00002b30      0x3cd /home/joao-abreu/Linux_Apalis/linux-metroval/usr/SOEM1.3.0/lib/imx6/libsoem.a(ethercatprint.o)
 .debug_line    0x00002efd      0x4b8 /home/joao-abreu/Linux_Apalis/linux-metroval/usr/SOEM1.3.0/lib/imx6/libsoem.a(ethercatsoe.o)
 .debug_line    0x000033b5      0x615 /home/joao-abreu/Linux_Apalis/linux-metroval/usr/SOEM1.3.0/lib/imx6/libsoem.a(ethercatbase.o)
 .debug_line    0x000039ca      0x12e /home/joao-abreu/gcc-linaro-6.2.1-2016.11-i686_arm-linux-gnueabihf/bin/../arm-linux-gnueabihf/libc/usr/lib/libc_nonshared.a(elf-init.oS)
 .debug_line    0x00003af8      0x78e /home/joao-abreu/Linux_Apalis/linux-metroval/usr/SOEM1.3.0/lib/imx6/liboshw.a(nicdrv.o)
 .debug_line    0x00004286      0x291 /home/joao-abreu/Linux_Apalis/linux-metroval/usr/SOEM1.3.0/lib/imx6/libosal.a(osal.o)
 .debug_line    0x00004517       0x54 /home/joao-abreu/gcc-linaro-6.2.1-2016.11-i686_arm-linux-gnueabihf/bin/../arm-linux-gnueabihf/libc/usr/lib/crtn.o

.debug_frame    0x00000000     0x1924
 *(.debug_frame)
 .debug_frame   0x00000000      0x130 obj/imx6/slaveinfo.o
 .debug_frame   0x00000130      0x338 /home/joao-abreu/Linux_Apalis/linux-metroval/usr/SOEM1.3.0/lib/imx6/libsoem.a(ethercatcoe.o)
 .debug_frame   0x00000468      0x14c /home/joao-abreu/Linux_Apalis/linux-metroval/usr/SOEM1.3.0/lib/imx6/libsoem.a(ethercatconfig.o)
 .debug_frame   0x000005b4      0x110 /home/joao-abreu/Linux_Apalis/linux-metroval/usr/SOEM1.3.0/lib/imx6/libsoem.a(ethercatdc.o)
 .debug_frame   0x000006c4      0x974 /home/joao-abreu/Linux_Apalis/linux-metroval/usr/SOEM1.3.0/lib/imx6/libsoem.a(ethercatmain.o)
 .debug_frame   0x00001038       0xac /home/joao-abreu/Linux_Apalis/linux-metroval/usr/SOEM1.3.0/lib/imx6/libsoem.a(ethercatprint.o)
 .debug_frame   0x000010e4       0xe8 /home/joao-abreu/Linux_Apalis/linux-metroval/usr/SOEM1.3.0/lib/imx6/libsoem.a(ethercatsoe.o)
 .debug_frame   0x000011cc      0x410 /home/joao-abreu/Linux_Apalis/linux-metroval/usr/SOEM1.3.0/lib/imx6/libsoem.a(ethercatbase.o)
 .debug_frame   0x000015dc       0x44 /home/joao-abreu/gcc-linaro-6.2.1-2016.11-i686_arm-linux-gnueabihf/bin/../arm-linux-gnueabihf/libc/usr/lib/libc_nonshared.a(elf-init.oS)
 .debug_frame   0x00001620      0x25c /home/joao-abreu/Linux_Apalis/linux-metroval/usr/SOEM1.3.0/lib/imx6/liboshw.a(nicdrv.o)
 .debug_frame   0x0000187c       0xa8 /home/joao-abreu/Linux_Apalis/linux-metroval/usr/SOEM1.3.0/lib/imx6/libosal.a(osal.o)

.debug_str      0x00000000     0x2fcc
 *(.debug_str)
 .debug_str     0x00000000      0x1d6 /home/joao-abreu/gcc-linaro-6.2.1-2016.11-i686_arm-linux-gnueabihf/bin/../arm-linux-gnueabihf/libc/usr/lib/crt1.o
                                0x216 (size before relaxing)
 .debug_str     0x000001d6      0xe5f obj/imx6/slaveinfo.o
                               0x1065 (size before relaxing)
 .debug_str     0x00001035      0x50b /home/joao-abreu/Linux_Apalis/linux-metroval/usr/SOEM1.3.0/lib/imx6/libsoem.a(ethercatcoe.o)
                               0x117c (size before relaxing)
 .debug_str     0x00001540      0x522 /home/joao-abreu/Linux_Apalis/linux-metroval/usr/SOEM1.3.0/lib/imx6/libsoem.a(ethercatconfig.o)
                               0x1231 (size before relaxing)
 .debug_str     0x00001a62       0xe2 /home/joao-abreu/Linux_Apalis/linux-metroval/usr/SOEM1.3.0/lib/imx6/libsoem.a(ethercatdc.o)
                                0xdf6 (size before relaxing)
 .debug_str     0x00001b44      0x810 /home/joao-abreu/Linux_Apalis/linux-metroval/usr/SOEM1.3.0/lib/imx6/libsoem.a(ethercatmain.o)
                               0x1836 (size before relaxing)
 .debug_str     0x00002354      0x157 /home/joao-abreu/Linux_Apalis/linux-metroval/usr/SOEM1.3.0/lib/imx6/libsoem.a(ethercatprint.o)
                                0xd5d (size before relaxing)
 .debug_str     0x000024ab      0x1bb /home/joao-abreu/Linux_Apalis/linux-metroval/usr/SOEM1.3.0/lib/imx6/libsoem.a(ethercatsoe.o)
                                0xecd (size before relaxing)
 .debug_str     0x00002666      0x1a9 /home/joao-abreu/Linux_Apalis/linux-metroval/usr/SOEM1.3.0/lib/imx6/libsoem.a(ethercatbase.o)
                               0x119e (size before relaxing)
 .debug_str     0x0000280f      0x186 /home/joao-abreu/gcc-linaro-6.2.1-2016.11-i686_arm-linux-gnueabihf/bin/../arm-linux-gnueabihf/libc/usr/lib/libc_nonshared.a(elf-init.oS)
                                0x25e (size before relaxing)
 .debug_str     0x00002995      0x52b /home/joao-abreu/Linux_Apalis/linux-metroval/usr/SOEM1.3.0/lib/imx6/liboshw.a(nicdrv.o)
                               0x11ab (size before relaxing)
 .debug_str     0x00002ec0      0x10c /home/joao-abreu/Linux_Apalis/linux-metroval/usr/SOEM1.3.0/lib/imx6/libosal.a(osal.o)
                                0x39c (size before relaxing)

.debug_loc      0x00000000       0xdd
 *(.debug_loc)
 .debug_loc     0x00000000       0xdd /home/joao-abreu/gcc-linaro-6.2.1-2016.11-i686_arm-linux-gnueabihf/bin/../arm-linux-gnueabihf/libc/usr/lib/libc_nonshared.a(elf-init.oS)

.debug_macinfo
 *(.debug_macinfo)

.debug_weaknames
 *(.debug_weaknames)

.debug_funcnames
 *(.debug_funcnames)

.debug_typenames
 *(.debug_typenames)

.debug_varnames
 *(.debug_varnames)

.debug_pubtypes
 *(.debug_pubtypes)

.debug_ranges   0x00000000      0x750
 *(.debug_ranges)
 .debug_ranges  0x00000000       0x28 /home/joao-abreu/gcc-linaro-6.2.1-2016.11-i686_arm-linux-gnueabihf/bin/../arm-linux-gnueabihf/libc/usr/lib/crti.o
 .debug_ranges  0x00000028       0x50 obj/imx6/slaveinfo.o
 .debug_ranges  0x00000078       0xe0 /home/joao-abreu/Linux_Apalis/linux-metroval/usr/SOEM1.3.0/lib/imx6/libsoem.a(ethercatcoe.o)
 .debug_ranges  0x00000158       0x60 /home/joao-abreu/Linux_Apalis/linux-metroval/usr/SOEM1.3.0/lib/imx6/libsoem.a(ethercatconfig.o)
 .debug_ranges  0x000001b8       0x50 /home/joao-abreu/Linux_Apalis/linux-metroval/usr/SOEM1.3.0/lib/imx6/libsoem.a(ethercatdc.o)
 .debug_ranges  0x00000208      0x2a8 /home/joao-abreu/Linux_Apalis/linux-metroval/usr/SOEM1.3.0/lib/imx6/libsoem.a(ethercatmain.o)
 .debug_ranges  0x000004b0       0x38 /home/joao-abreu/Linux_Apalis/linux-metroval/usr/SOEM1.3.0/lib/imx6/libsoem.a(ethercatprint.o)
 .debug_ranges  0x000004e8       0x40 /home/joao-abreu/Linux_Apalis/linux-metroval/usr/SOEM1.3.0/lib/imx6/libsoem.a(ethercatsoe.o)
 .debug_ranges  0x00000528      0x128 /home/joao-abreu/Linux_Apalis/linux-metroval/usr/SOEM1.3.0/lib/imx6/libsoem.a(ethercatbase.o)
 .debug_ranges  0x00000650       0xb0 /home/joao-abreu/Linux_Apalis/linux-metroval/usr/SOEM1.3.0/lib/imx6/liboshw.a(nicdrv.o)
 .debug_ranges  0x00000700       0x30 /home/joao-abreu/Linux_Apalis/linux-metroval/usr/SOEM1.3.0/lib/imx6/libosal.a(osal.o)
 .debug_ranges  0x00000730       0x20 /home/joao-abreu/gcc-linaro-6.2.1-2016.11-i686_arm-linux-gnueabihf/bin/../arm-linux-gnueabihf/libc/usr/lib/crtn.o

.debug_macro
 *(.debug_macro)

.debug_addr
 *(.debug_addr)

.gnu.attributes
 *(.gnu.attributes)

.note.gnu.arm.ident
 *(.note.gnu.arm.ident)

/DISCARD/
 *(.note.GNU-stack)
 *(.gnu_debuglink)
 *(.gnu.lto_*)
OUTPUT(slaveinfo elf32-littlearm)
