Archive member included to satisfy reference by file (symbol)

/home/joao-abreu/Linux_Apalis/linux-metroval/usr/SOEM1.3.0/lib/imx6/libsoem.a(ethercatbase.o)
                              obj/imx6/eepromtool.o (ec_BRD)
/home/joao-abreu/Linux_Apalis/linux-metroval/usr/SOEM1.3.0/lib/imx6/libsoem.a(ethercatmain.o)
                              obj/imx6/eepromtool.o (ec_slavecount)
/home/joao-abreu/gcc-linaro-6.2.1-2016.11-i686_arm-linux-gnueabihf/bin/../arm-linux-gnueabihf/libc/usr/lib/libc_nonshared.a(elf-init.oS)
                              /home/joao-abreu/gcc-linaro-6.2.1-2016.11-i686_arm-linux-gnueabihf/bin/../arm-linux-gnueabihf/libc/usr/lib/crt1.o (__libc_csu_init)
/home/joao-abreu/Linux_Apalis/linux-metroval/usr/SOEM1.3.0/lib/imx6/liboshw.a(nicdrv.o)
                              /home/joao-abreu/Linux_Apalis/linux-metroval/usr/SOEM1.3.0/lib/imx6/libsoem.a(ethercatmain.o) (secMAC)
/home/joao-abreu/Linux_Apalis/linux-metroval/usr/SOEM1.3.0/lib/imx6/liboshw.a(oshw.o)
                              /home/joao-abreu/Linux_Apalis/linux-metroval/usr/SOEM1.3.0/lib/imx6/libsoem.a(ethercatmain.o) (oshw_htons)
/home/joao-abreu/Linux_Apalis/linux-metroval/usr/SOEM1.3.0/lib/imx6/libosal.a(osal.o)
                              /home/joao-abreu/Linux_Apalis/linux-metroval/usr/SOEM1.3.0/lib/imx6/libsoem.a(ethercatmain.o) (osal_usleep)

Allocating common symbols
Common symbol       size              file

ecx_port            0xcadc            /home/joao-abreu/Linux_Apalis/linux-metroval/usr/SOEM1.3.0/lib/imx6/libsoem.a(ethercatmain.o)
ecx_redport         0x6570            /home/joao-abreu/Linux_Apalis/linux-metroval/usr/SOEM1.3.0/lib/imx6/libsoem.a(ethercatmain.o)
ebuf                0x8000            obj/imx6/eepromtool.o
os                  0x4               obj/imx6/eepromtool.o
ow                  0x2               obj/imx6/eepromtool.o
tend                0x8               obj/imx6/eepromtool.o
ec_DCtime           0x8               /home/joao-abreu/Linux_Apalis/linux-metroval/usr/SOEM1.3.0/lib/imx6/libsoem.a(ethercatmain.o)
tdif                0x8               obj/imx6/eepromtool.o
tstart              0x8               obj/imx6/eepromtool.o
slave               0x4               obj/imx6/eepromtool.o
alias               0x4               obj/imx6/eepromtool.o
sline               0x100             obj/imx6/eepromtool.o
ec_slavecount       0x4               /home/joao-abreu/Linux_Apalis/linux-metroval/usr/SOEM1.3.0/lib/imx6/libsoem.a(ethercatmain.o)
ob                  0x1               obj/imx6/eepromtool.o
mode                0x4               obj/imx6/eepromtool.o
wkc                 0x4               obj/imx6/eepromtool.o
ec_group            0x250             /home/joao-abreu/Linux_Apalis/linux-metroval/usr/SOEM1.3.0/lib/imx6/libsoem.a(ethercatmain.o)
ec_slave            0xf3c0            /home/joao-abreu/Linux_Apalis/linux-metroval/usr/SOEM1.3.0/lib/imx6/libsoem.a(ethercatmain.o)

Discarded input sections

 .rodata.cst4   0x00000000        0x4 /home/joao-abreu/gcc-linaro-6.2.1-2016.11-i686_arm-linux-gnueabihf/bin/../arm-linux-gnueabihf/libc/usr/lib/crt1.o
 .ARM.extab     0x00000000        0x0 /home/joao-abreu/gcc-linaro-6.2.1-2016.11-i686_arm-linux-gnueabihf/bin/../arm-linux-gnueabihf/libc/usr/lib/crt1.o
 .data          0x00000000        0x4 /home/joao-abreu/gcc-linaro-6.2.1-2016.11-i686_arm-linux-gnueabihf/bin/../arm-linux-gnueabihf/libc/usr/lib/crt1.o
 .bss           0x00000000        0x0 /home/joao-abreu/gcc-linaro-6.2.1-2016.11-i686_arm-linux-gnueabihf/bin/../arm-linux-gnueabihf/libc/usr/lib/crt1.o
 .note.GNU-stack
                0x00000000        0x0 /home/joao-abreu/gcc-linaro-6.2.1-2016.11-i686_arm-linux-gnueabihf/bin/../arm-linux-gnueabihf/libc/usr/lib/crt1.o
 .data          0x00000000        0x0 /home/joao-abreu/gcc-linaro-6.2.1-2016.11-i686_arm-linux-gnueabihf/bin/../arm-linux-gnueabihf/libc/usr/lib/crti.o
 .bss           0x00000000        0x0 /home/joao-abreu/gcc-linaro-6.2.1-2016.11-i686_arm-linux-gnueabihf/bin/../arm-linux-gnueabihf/libc/usr/lib/crti.o
 .note.GNU-stack
                0x00000000        0x0 /home/joao-abreu/gcc-linaro-6.2.1-2016.11-i686_arm-linux-gnueabihf/bin/../arm-linux-gnueabihf/libc/usr/lib/crti.o
 .data          0x00000000        0x4 /home/joao-abreu/gcc-linaro-6.2.1-2016.11-i686_arm-linux-gnueabihf/bin/../lib/gcc/arm-linux-gnueabihf/6.2.1/crtbegin.o
 .note.GNU-stack
                0x00000000        0x0 /home/joao-abreu/gcc-linaro-6.2.1-2016.11-i686_arm-linux-gnueabihf/bin/../lib/gcc/arm-linux-gnueabihf/6.2.1/crtbegin.o
 .text          0x00000000        0x0 obj/imx6/eepromtool.o
 .data          0x00000000        0x0 obj/imx6/eepromtool.o
 .bss           0x00000000        0x0 obj/imx6/eepromtool.o
 .note.GNU-stack
                0x00000000        0x0 obj/imx6/eepromtool.o
 .text          0x00000000        0x0 /home/joao-abreu/Linux_Apalis/linux-metroval/usr/SOEM1.3.0/lib/imx6/libsoem.a(ethercatbase.o)
 .data          0x00000000        0x0 /home/joao-abreu/Linux_Apalis/linux-metroval/usr/SOEM1.3.0/lib/imx6/libsoem.a(ethercatbase.o)
 .bss           0x00000000        0x0 /home/joao-abreu/Linux_Apalis/linux-metroval/usr/SOEM1.3.0/lib/imx6/libsoem.a(ethercatbase.o)
 .text.ecx_adddatagram
                0x00000000      0x126 /home/joao-abreu/Linux_Apalis/linux-metroval/usr/SOEM1.3.0/lib/imx6/libsoem.a(ethercatbase.o)
 .text.ecx_BWR  0x00000000       0x8e /home/joao-abreu/Linux_Apalis/linux-metroval/usr/SOEM1.3.0/lib/imx6/libsoem.a(ethercatbase.o)
 .text.ecx_ARMW
                0x00000000       0xb2 /home/joao-abreu/Linux_Apalis/linux-metroval/usr/SOEM1.3.0/lib/imx6/libsoem.a(ethercatbase.o)
 .text.ecx_FRMW
                0x00000000       0xb2 /home/joao-abreu/Linux_Apalis/linux-metroval/usr/SOEM1.3.0/lib/imx6/libsoem.a(ethercatbase.o)
 .text.ecx_APRDw
                0x00000000       0x40 /home/joao-abreu/Linux_Apalis/linux-metroval/usr/SOEM1.3.0/lib/imx6/libsoem.a(ethercatbase.o)
 .text.ecx_FPRD
                0x00000000       0xb2 /home/joao-abreu/Linux_Apalis/linux-metroval/usr/SOEM1.3.0/lib/imx6/libsoem.a(ethercatbase.o)
 .text.ecx_FPRDw
                0x00000000       0x40 /home/joao-abreu/Linux_Apalis/linux-metroval/usr/SOEM1.3.0/lib/imx6/libsoem.a(ethercatbase.o)
 .text.ecx_APWRw
                0x00000000       0x42 /home/joao-abreu/Linux_Apalis/linux-metroval/usr/SOEM1.3.0/lib/imx6/libsoem.a(ethercatbase.o)
 .text.ecx_FPWR
                0x00000000       0x8e /home/joao-abreu/Linux_Apalis/linux-metroval/usr/SOEM1.3.0/lib/imx6/libsoem.a(ethercatbase.o)
 .text.ecx_FPWRw
                0x00000000       0x42 /home/joao-abreu/Linux_Apalis/linux-metroval/usr/SOEM1.3.0/lib/imx6/libsoem.a(ethercatbase.o)
 .text.ecx_LRW  0x00000000       0xbe /home/joao-abreu/Linux_Apalis/linux-metroval/usr/SOEM1.3.0/lib/imx6/libsoem.a(ethercatbase.o)
 .text.ecx_LRD  0x00000000       0xbe /home/joao-abreu/Linux_Apalis/linux-metroval/usr/SOEM1.3.0/lib/imx6/libsoem.a(ethercatbase.o)
 .text.ecx_LWR  0x00000000       0x82 /home/joao-abreu/Linux_Apalis/linux-metroval/usr/SOEM1.3.0/lib/imx6/libsoem.a(ethercatbase.o)
 .text.ecx_LRWDC
                0x00000000      0x15c /home/joao-abreu/Linux_Apalis/linux-metroval/usr/SOEM1.3.0/lib/imx6/libsoem.a(ethercatbase.o)
 .text.ec_setupdatagram
                0x00000000       0x56 /home/joao-abreu/Linux_Apalis/linux-metroval/usr/SOEM1.3.0/lib/imx6/libsoem.a(ethercatbase.o)
 .text.ec_adddatagram
                0x00000000       0x5c /home/joao-abreu/Linux_Apalis/linux-metroval/usr/SOEM1.3.0/lib/imx6/libsoem.a(ethercatbase.o)
 .text.ec_BWR   0x00000000       0x44 /home/joao-abreu/Linux_Apalis/linux-metroval/usr/SOEM1.3.0/lib/imx6/libsoem.a(ethercatbase.o)
 .text.ec_ARMW  0x00000000       0x44 /home/joao-abreu/Linux_Apalis/linux-metroval/usr/SOEM1.3.0/lib/imx6/libsoem.a(ethercatbase.o)
 .text.ec_FRMW  0x00000000       0x44 /home/joao-abreu/Linux_Apalis/linux-metroval/usr/SOEM1.3.0/lib/imx6/libsoem.a(ethercatbase.o)
 .text.ec_APRDw
                0x00000000       0x3c /home/joao-abreu/Linux_Apalis/linux-metroval/usr/SOEM1.3.0/lib/imx6/libsoem.a(ethercatbase.o)
 .text.ec_FPRD  0x00000000       0x44 /home/joao-abreu/Linux_Apalis/linux-metroval/usr/SOEM1.3.0/lib/imx6/libsoem.a(ethercatbase.o)
 .text.ec_FPRDw
                0x00000000       0x3c /home/joao-abreu/Linux_Apalis/linux-metroval/usr/SOEM1.3.0/lib/imx6/libsoem.a(ethercatbase.o)
 .text.ec_APWRw
                0x00000000       0x3a /home/joao-abreu/Linux_Apalis/linux-metroval/usr/SOEM1.3.0/lib/imx6/libsoem.a(ethercatbase.o)
 .text.ec_FPWR  0x00000000       0x44 /home/joao-abreu/Linux_Apalis/linux-metroval/usr/SOEM1.3.0/lib/imx6/libsoem.a(ethercatbase.o)
 .text.ec_FPWRw
                0x00000000       0x3a /home/joao-abreu/Linux_Apalis/linux-metroval/usr/SOEM1.3.0/lib/imx6/libsoem.a(ethercatbase.o)
 .text.ec_LRW   0x00000000       0x32 /home/joao-abreu/Linux_Apalis/linux-metroval/usr/SOEM1.3.0/lib/imx6/libsoem.a(ethercatbase.o)
 .text.ec_LRD   0x00000000       0x32 /home/joao-abreu/Linux_Apalis/linux-metroval/usr/SOEM1.3.0/lib/imx6/libsoem.a(ethercatbase.o)
 .text.ec_LWR   0x00000000       0x32 /home/joao-abreu/Linux_Apalis/linux-metroval/usr/SOEM1.3.0/lib/imx6/libsoem.a(ethercatbase.o)
 .text.ec_LRWDC
                0x00000000       0x42 /home/joao-abreu/Linux_Apalis/linux-metroval/usr/SOEM1.3.0/lib/imx6/libsoem.a(ethercatbase.o)
 .note.GNU-stack
                0x00000000        0x0 /home/joao-abreu/Linux_Apalis/linux-metroval/usr/SOEM1.3.0/lib/imx6/libsoem.a(ethercatbase.o)
 .text          0x00000000        0x0 /home/joao-abreu/Linux_Apalis/linux-metroval/usr/SOEM1.3.0/lib/imx6/libsoem.a(ethercatmain.o)
 .text.ec_find_adapters
                0x00000000       0x14 /home/joao-abreu/Linux_Apalis/linux-metroval/usr/SOEM1.3.0/lib/imx6/libsoem.a(ethercatmain.o)
 .text.ec_free_adapters
                0x00000000       0x14 /home/joao-abreu/Linux_Apalis/linux-metroval/usr/SOEM1.3.0/lib/imx6/libsoem.a(ethercatmain.o)
 .text.ecx_pusherror
                0x00000000       0xc0 /home/joao-abreu/Linux_Apalis/linux-metroval/usr/SOEM1.3.0/lib/imx6/libsoem.a(ethercatmain.o)
 .text.ecx_poperror
                0x00000000       0xb2 /home/joao-abreu/Linux_Apalis/linux-metroval/usr/SOEM1.3.0/lib/imx6/libsoem.a(ethercatmain.o)
 .text.ecx_iserror
                0x00000000       0x24 /home/joao-abreu/Linux_Apalis/linux-metroval/usr/SOEM1.3.0/lib/imx6/libsoem.a(ethercatmain.o)
 .text.ecx_packeterror
                0x00000000       0x70 /home/joao-abreu/Linux_Apalis/linux-metroval/usr/SOEM1.3.0/lib/imx6/libsoem.a(ethercatmain.o)
 .text.ecx_mbxerror
                0x00000000       0x58 /home/joao-abreu/Linux_Apalis/linux-metroval/usr/SOEM1.3.0/lib/imx6/libsoem.a(ethercatmain.o)
 .text.ecx_mbxemergencyerror
                0x00000000       0x86 /home/joao-abreu/Linux_Apalis/linux-metroval/usr/SOEM1.3.0/lib/imx6/libsoem.a(ethercatmain.o)
 .text.ecx_init_redundant
                0x00000000       0x9e /home/joao-abreu/Linux_Apalis/linux-metroval/usr/SOEM1.3.0/lib/imx6/libsoem.a(ethercatmain.o)
 .text.ecx_siigetbyte
                0x00000000      0x1bc /home/joao-abreu/Linux_Apalis/linux-metroval/usr/SOEM1.3.0/lib/imx6/libsoem.a(ethercatmain.o)
 .text.ecx_siifind
                0x00000000      0x17c /home/joao-abreu/Linux_Apalis/linux-metroval/usr/SOEM1.3.0/lib/imx6/libsoem.a(ethercatmain.o)
 .text.ecx_siistring
                0x00000000      0x162 /home/joao-abreu/Linux_Apalis/linux-metroval/usr/SOEM1.3.0/lib/imx6/libsoem.a(ethercatmain.o)
 .text.ecx_siiFMMU
                0x00000000      0x160 /home/joao-abreu/Linux_Apalis/linux-metroval/usr/SOEM1.3.0/lib/imx6/libsoem.a(ethercatmain.o)
 .text.ecx_siiSM
                0x00000000      0x1cc /home/joao-abreu/Linux_Apalis/linux-metroval/usr/SOEM1.3.0/lib/imx6/libsoem.a(ethercatmain.o)
 .text.ecx_siiSMnext
                0x00000000      0x186 /home/joao-abreu/Linux_Apalis/linux-metroval/usr/SOEM1.3.0/lib/imx6/libsoem.a(ethercatmain.o)
 .text.ecx_siiPDO
                0x00000000      0x364 /home/joao-abreu/Linux_Apalis/linux-metroval/usr/SOEM1.3.0/lib/imx6/libsoem.a(ethercatmain.o)
 .text.ecx_readstate
                0x00000000       0xf8 /home/joao-abreu/Linux_Apalis/linux-metroval/usr/SOEM1.3.0/lib/imx6/libsoem.a(ethercatmain.o)
 .text.ecx_writestate
                0x00000000       0x96 /home/joao-abreu/Linux_Apalis/linux-metroval/usr/SOEM1.3.0/lib/imx6/libsoem.a(ethercatmain.o)
 .text.ecx_statecheck
                0x00000000      0x124 /home/joao-abreu/Linux_Apalis/linux-metroval/usr/SOEM1.3.0/lib/imx6/libsoem.a(ethercatmain.o)
 .text.ec_nextmbxcnt
                0x00000000       0x2a /home/joao-abreu/Linux_Apalis/linux-metroval/usr/SOEM1.3.0/lib/imx6/libsoem.a(ethercatmain.o)
 .text.ec_clearmbx
                0x00000000       0x1a /home/joao-abreu/Linux_Apalis/linux-metroval/usr/SOEM1.3.0/lib/imx6/libsoem.a(ethercatmain.o)
 .text.ecx_mbxempty
                0x00000000       0xb2 /home/joao-abreu/Linux_Apalis/linux-metroval/usr/SOEM1.3.0/lib/imx6/libsoem.a(ethercatmain.o)
 .text.ecx_mbxsend
                0x00000000       0xac /home/joao-abreu/Linux_Apalis/linux-metroval/usr/SOEM1.3.0/lib/imx6/libsoem.a(ethercatmain.o)
 .text.ecx_mbxreceive
                0x00000000      0x2ba /home/joao-abreu/Linux_Apalis/linux-metroval/usr/SOEM1.3.0/lib/imx6/libsoem.a(ethercatmain.o)
 .text.ecx_esidump
                0x00000000       0xd8 /home/joao-abreu/Linux_Apalis/linux-metroval/usr/SOEM1.3.0/lib/imx6/libsoem.a(ethercatmain.o)
 .text.ecx_readeeprom
                0x00000000       0x52 /home/joao-abreu/Linux_Apalis/linux-metroval/usr/SOEM1.3.0/lib/imx6/libsoem.a(ethercatmain.o)
 .text.ecx_writeeeprom
                0x00000000       0x64 /home/joao-abreu/Linux_Apalis/linux-metroval/usr/SOEM1.3.0/lib/imx6/libsoem.a(ethercatmain.o)
 .text.ecx_eeprom2master
                0x00000000       0xd8 /home/joao-abreu/Linux_Apalis/linux-metroval/usr/SOEM1.3.0/lib/imx6/libsoem.a(ethercatmain.o)
 .text.ecx_eeprom2pdi
                0x00000000       0x9e /home/joao-abreu/Linux_Apalis/linux-metroval/usr/SOEM1.3.0/lib/imx6/libsoem.a(ethercatmain.o)
 .text.ecx_eeprom_waitnotbusyFP
                0x00000000       0x94 /home/joao-abreu/Linux_Apalis/linux-metroval/usr/SOEM1.3.0/lib/imx6/libsoem.a(ethercatmain.o)
 .text.ecx_readeepromFP
                0x00000000      0x198 /home/joao-abreu/Linux_Apalis/linux-metroval/usr/SOEM1.3.0/lib/imx6/libsoem.a(ethercatmain.o)
 .text.ecx_writeeepromFP
                0x00000000      0x154 /home/joao-abreu/Linux_Apalis/linux-metroval/usr/SOEM1.3.0/lib/imx6/libsoem.a(ethercatmain.o)
 .text.ecx_readeeprom1
                0x00000000       0xd0 /home/joao-abreu/Linux_Apalis/linux-metroval/usr/SOEM1.3.0/lib/imx6/libsoem.a(ethercatmain.o)
 .text.ecx_readeeprom2
                0x00000000       0x82 /home/joao-abreu/Linux_Apalis/linux-metroval/usr/SOEM1.3.0/lib/imx6/libsoem.a(ethercatmain.o)
 .text.ecx_pushindex
                0x00000000       0x6c /home/joao-abreu/Linux_Apalis/linux-metroval/usr/SOEM1.3.0/lib/imx6/libsoem.a(ethercatmain.o)
 .text.ecx_pullindex
                0x00000000       0x36 /home/joao-abreu/Linux_Apalis/linux-metroval/usr/SOEM1.3.0/lib/imx6/libsoem.a(ethercatmain.o)
 .text.ecx_send_processdata_group
                0x00000000      0x67e /home/joao-abreu/Linux_Apalis/linux-metroval/usr/SOEM1.3.0/lib/imx6/libsoem.a(ethercatmain.o)
 .text.ecx_receive_processdata_group
                0x00000000      0x228 /home/joao-abreu/Linux_Apalis/linux-metroval/usr/SOEM1.3.0/lib/imx6/libsoem.a(ethercatmain.o)
 .text.ecx_send_processdata
                0x00000000       0x18 /home/joao-abreu/Linux_Apalis/linux-metroval/usr/SOEM1.3.0/lib/imx6/libsoem.a(ethercatmain.o)
 .text.ecx_receive_processdata
                0x00000000       0x1c /home/joao-abreu/Linux_Apalis/linux-metroval/usr/SOEM1.3.0/lib/imx6/libsoem.a(ethercatmain.o)
 .text.ec_pusherror
                0x00000000       0x1c /home/joao-abreu/Linux_Apalis/linux-metroval/usr/SOEM1.3.0/lib/imx6/libsoem.a(ethercatmain.o)
 .text.ec_poperror
                0x00000000       0x1e /home/joao-abreu/Linux_Apalis/linux-metroval/usr/SOEM1.3.0/lib/imx6/libsoem.a(ethercatmain.o)
 .text.ec_iserror
                0x00000000       0x14 /home/joao-abreu/Linux_Apalis/linux-metroval/usr/SOEM1.3.0/lib/imx6/libsoem.a(ethercatmain.o)
 .text.ec_packeterror
                0x00000000       0x4a /home/joao-abreu/Linux_Apalis/linux-metroval/usr/SOEM1.3.0/lib/imx6/libsoem.a(ethercatmain.o)
 .text.ec_mbxerror
                0x00000000       0x30 /home/joao-abreu/Linux_Apalis/linux-metroval/usr/SOEM1.3.0/lib/imx6/libsoem.a(ethercatmain.o)
 .text.ec_mbxemergencyerror
                0x00000000       0x56 /home/joao-abreu/Linux_Apalis/linux-metroval/usr/SOEM1.3.0/lib/imx6/libsoem.a(ethercatmain.o)
 .text.ec_init_redundant
                0x00000000       0x2a /home/joao-abreu/Linux_Apalis/linux-metroval/usr/SOEM1.3.0/lib/imx6/libsoem.a(ethercatmain.o)
 .text.ec_siigetbyte
                0x00000000       0x32 /home/joao-abreu/Linux_Apalis/linux-metroval/usr/SOEM1.3.0/lib/imx6/libsoem.a(ethercatmain.o)
 .text.ec_siifind
                0x00000000       0x32 /home/joao-abreu/Linux_Apalis/linux-metroval/usr/SOEM1.3.0/lib/imx6/libsoem.a(ethercatmain.o)
 .text.ec_siistring
                0x00000000       0x30 /home/joao-abreu/Linux_Apalis/linux-metroval/usr/SOEM1.3.0/lib/imx6/libsoem.a(ethercatmain.o)
 .text.ec_siiFMMU
                0x00000000       0x2a /home/joao-abreu/Linux_Apalis/linux-metroval/usr/SOEM1.3.0/lib/imx6/libsoem.a(ethercatmain.o)
 .text.ec_siiSM
                0x00000000       0x2a /home/joao-abreu/Linux_Apalis/linux-metroval/usr/SOEM1.3.0/lib/imx6/libsoem.a(ethercatmain.o)
 .text.ec_siiSMnext
                0x00000000       0x32 /home/joao-abreu/Linux_Apalis/linux-metroval/usr/SOEM1.3.0/lib/imx6/libsoem.a(ethercatmain.o)
 .text.ec_siiPDO
                0x00000000       0x32 /home/joao-abreu/Linux_Apalis/linux-metroval/usr/SOEM1.3.0/lib/imx6/libsoem.a(ethercatmain.o)
 .text.ec_readstate
                0x00000000       0x14 /home/joao-abreu/Linux_Apalis/linux-metroval/usr/SOEM1.3.0/lib/imx6/libsoem.a(ethercatmain.o)
 .text.ec_writestate
                0x00000000       0x26 /home/joao-abreu/Linux_Apalis/linux-metroval/usr/SOEM1.3.0/lib/imx6/libsoem.a(ethercatmain.o)
 .text.ec_statecheck
                0x00000000       0x32 /home/joao-abreu/Linux_Apalis/linux-metroval/usr/SOEM1.3.0/lib/imx6/libsoem.a(ethercatmain.o)
 .text.ec_mbxempty
                0x00000000       0x2a /home/joao-abreu/Linux_Apalis/linux-metroval/usr/SOEM1.3.0/lib/imx6/libsoem.a(ethercatmain.o)
 .text.ec_mbxsend
                0x00000000       0x2c /home/joao-abreu/Linux_Apalis/linux-metroval/usr/SOEM1.3.0/lib/imx6/libsoem.a(ethercatmain.o)
 .text.ec_mbxreceive
                0x00000000       0x2c /home/joao-abreu/Linux_Apalis/linux-metroval/usr/SOEM1.3.0/lib/imx6/libsoem.a(ethercatmain.o)
 .text.ec_esidump
                0x00000000       0x28 /home/joao-abreu/Linux_Apalis/linux-metroval/usr/SOEM1.3.0/lib/imx6/libsoem.a(ethercatmain.o)
 .text.ec_readeeprom
                0x00000000       0x32 /home/joao-abreu/Linux_Apalis/linux-metroval/usr/SOEM1.3.0/lib/imx6/libsoem.a(ethercatmain.o)
 .text.ec_writeeeprom
                0x00000000       0x40 /home/joao-abreu/Linux_Apalis/linux-metroval/usr/SOEM1.3.0/lib/imx6/libsoem.a(ethercatmain.o)
 .text.ec_eeprom2master
                0x00000000       0x26 /home/joao-abreu/Linux_Apalis/linux-metroval/usr/SOEM1.3.0/lib/imx6/libsoem.a(ethercatmain.o)
 .text.ec_eeprom2pdi
                0x00000000       0x26 /home/joao-abreu/Linux_Apalis/linux-metroval/usr/SOEM1.3.0/lib/imx6/libsoem.a(ethercatmain.o)
 .text.ec_eeprom_waitnotbusyAP
                0x00000000       0x2c /home/joao-abreu/Linux_Apalis/linux-metroval/usr/SOEM1.3.0/lib/imx6/libsoem.a(ethercatmain.o)
 .text.ec_eeprom_waitnotbusyFP
                0x00000000       0x2c /home/joao-abreu/Linux_Apalis/linux-metroval/usr/SOEM1.3.0/lib/imx6/libsoem.a(ethercatmain.o)
 .text.ec_readeepromFP
                0x00000000       0x34 /home/joao-abreu/Linux_Apalis/linux-metroval/usr/SOEM1.3.0/lib/imx6/libsoem.a(ethercatmain.o)
 .text.ec_writeeepromFP
                0x00000000       0x40 /home/joao-abreu/Linux_Apalis/linux-metroval/usr/SOEM1.3.0/lib/imx6/libsoem.a(ethercatmain.o)
 .text.ec_readeeprom1
                0x00000000       0x30 /home/joao-abreu/Linux_Apalis/linux-metroval/usr/SOEM1.3.0/lib/imx6/libsoem.a(ethercatmain.o)
 .text.ec_readeeprom2
                0x00000000       0x2a /home/joao-abreu/Linux_Apalis/linux-metroval/usr/SOEM1.3.0/lib/imx6/libsoem.a(ethercatmain.o)
 .text.ec_send_processdata_group
                0x00000000       0x26 /home/joao-abreu/Linux_Apalis/linux-metroval/usr/SOEM1.3.0/lib/imx6/libsoem.a(ethercatmain.o)
 .text.ec_receive_processdata_group
                0x00000000       0x2a /home/joao-abreu/Linux_Apalis/linux-metroval/usr/SOEM1.3.0/lib/imx6/libsoem.a(ethercatmain.o)
 .text.ec_send_processdata
                0x00000000        0xe /home/joao-abreu/Linux_Apalis/linux-metroval/usr/SOEM1.3.0/lib/imx6/libsoem.a(ethercatmain.o)
 .text.ec_receive_processdata
                0x00000000       0x18 /home/joao-abreu/Linux_Apalis/linux-metroval/usr/SOEM1.3.0/lib/imx6/libsoem.a(ethercatmain.o)
 .note.GNU-stack
                0x00000000        0x0 /home/joao-abreu/Linux_Apalis/linux-metroval/usr/SOEM1.3.0/lib/imx6/libsoem.a(ethercatmain.o)
 .data          0x00000000        0x0 /home/joao-abreu/gcc-linaro-6.2.1-2016.11-i686_arm-linux-gnueabihf/bin/../arm-linux-gnueabihf/libc/usr/lib/libc_nonshared.a(elf-init.oS)
 .bss           0x00000000        0x0 /home/joao-abreu/gcc-linaro-6.2.1-2016.11-i686_arm-linux-gnueabihf/bin/../arm-linux-gnueabihf/libc/usr/lib/libc_nonshared.a(elf-init.oS)
 .note.GNU-stack
                0x00000000        0x0 /home/joao-abreu/gcc-linaro-6.2.1-2016.11-i686_arm-linux-gnueabihf/bin/../arm-linux-gnueabihf/libc/usr/lib/libc_nonshared.a(elf-init.oS)
 .text          0x00000000        0x0 /home/joao-abreu/Linux_Apalis/linux-metroval/usr/SOEM1.3.0/lib/imx6/liboshw.a(nicdrv.o)
 .data          0x00000000        0x0 /home/joao-abreu/Linux_Apalis/linux-metroval/usr/SOEM1.3.0/lib/imx6/liboshw.a(nicdrv.o)
 .bss           0x00000000        0x0 /home/joao-abreu/Linux_Apalis/linux-metroval/usr/SOEM1.3.0/lib/imx6/liboshw.a(nicdrv.o)
 .rodata        0x00000000        0xe /home/joao-abreu/Linux_Apalis/linux-metroval/usr/SOEM1.3.0/lib/imx6/liboshw.a(nicdrv.o)
 .text.ecx_waitinframe
                0x00000000       0x3e /home/joao-abreu/Linux_Apalis/linux-metroval/usr/SOEM1.3.0/lib/imx6/liboshw.a(nicdrv.o)
 .text.ec_setupnic
                0x00000000       0x22 /home/joao-abreu/Linux_Apalis/linux-metroval/usr/SOEM1.3.0/lib/imx6/liboshw.a(nicdrv.o)
 .text.ec_closenic
                0x00000000       0x14 /home/joao-abreu/Linux_Apalis/linux-metroval/usr/SOEM1.3.0/lib/imx6/liboshw.a(nicdrv.o)
 .text.ec_getindex
                0x00000000       0x14 /home/joao-abreu/Linux_Apalis/linux-metroval/usr/SOEM1.3.0/lib/imx6/liboshw.a(nicdrv.o)
 .text.ec_setbufstat
                0x00000000       0x20 /home/joao-abreu/Linux_Apalis/linux-metroval/usr/SOEM1.3.0/lib/imx6/liboshw.a(nicdrv.o)
 .text.ec_outframe
                0x00000000       0x22 /home/joao-abreu/Linux_Apalis/linux-metroval/usr/SOEM1.3.0/lib/imx6/liboshw.a(nicdrv.o)
 .text.ec_outframe_red
                0x00000000       0x1e /home/joao-abreu/Linux_Apalis/linux-metroval/usr/SOEM1.3.0/lib/imx6/liboshw.a(nicdrv.o)
 .text.ec_inframe
                0x00000000       0x22 /home/joao-abreu/Linux_Apalis/linux-metroval/usr/SOEM1.3.0/lib/imx6/liboshw.a(nicdrv.o)
 .text.ec_waitinframe
                0x00000000       0x22 /home/joao-abreu/Linux_Apalis/linux-metroval/usr/SOEM1.3.0/lib/imx6/liboshw.a(nicdrv.o)
 .text.ec_srconfirm
                0x00000000       0x22 /home/joao-abreu/Linux_Apalis/linux-metroval/usr/SOEM1.3.0/lib/imx6/liboshw.a(nicdrv.o)
 .note.GNU-stack
                0x00000000        0x0 /home/joao-abreu/Linux_Apalis/linux-metroval/usr/SOEM1.3.0/lib/imx6/liboshw.a(nicdrv.o)
 .text          0x00000000        0x0 /home/joao-abreu/Linux_Apalis/linux-metroval/usr/SOEM1.3.0/lib/imx6/liboshw.a(oshw.o)
 .data          0x00000000        0x0 /home/joao-abreu/Linux_Apalis/linux-metroval/usr/SOEM1.3.0/lib/imx6/liboshw.a(oshw.o)
 .bss           0x00000000        0x0 /home/joao-abreu/Linux_Apalis/linux-metroval/usr/SOEM1.3.0/lib/imx6/liboshw.a(oshw.o)
 .text.oshw_htons
                0x00000000       0x26 /home/joao-abreu/Linux_Apalis/linux-metroval/usr/SOEM1.3.0/lib/imx6/liboshw.a(oshw.o)
 .text.oshw_ntohs
                0x00000000       0x26 /home/joao-abreu/Linux_Apalis/linux-metroval/usr/SOEM1.3.0/lib/imx6/liboshw.a(oshw.o)
 .text.oshw_find_adapters
                0x00000000       0xe2 /home/joao-abreu/Linux_Apalis/linux-metroval/usr/SOEM1.3.0/lib/imx6/liboshw.a(oshw.o)
 .text.oshw_free_adapters
                0x00000000       0x3c /home/joao-abreu/Linux_Apalis/linux-metroval/usr/SOEM1.3.0/lib/imx6/liboshw.a(oshw.o)
 .debug_info    0x00000000     0x1452 /home/joao-abreu/Linux_Apalis/linux-metroval/usr/SOEM1.3.0/lib/imx6/liboshw.a(oshw.o)
 .debug_abbrev  0x00000000      0x248 /home/joao-abreu/Linux_Apalis/linux-metroval/usr/SOEM1.3.0/lib/imx6/liboshw.a(oshw.o)
 .debug_aranges
                0x00000000       0x38 /home/joao-abreu/Linux_Apalis/linux-metroval/usr/SOEM1.3.0/lib/imx6/liboshw.a(oshw.o)
 .debug_ranges  0x00000000       0x28 /home/joao-abreu/Linux_Apalis/linux-metroval/usr/SOEM1.3.0/lib/imx6/liboshw.a(oshw.o)
 .debug_line    0x00000000      0x474 /home/joao-abreu/Linux_Apalis/linux-metroval/usr/SOEM1.3.0/lib/imx6/liboshw.a(oshw.o)
 .debug_str     0x00000000      0xd12 /home/joao-abreu/Linux_Apalis/linux-metroval/usr/SOEM1.3.0/lib/imx6/liboshw.a(oshw.o)
 .comment       0x00000000       0x2e /home/joao-abreu/Linux_Apalis/linux-metroval/usr/SOEM1.3.0/lib/imx6/liboshw.a(oshw.o)
 .note.GNU-stack
                0x00000000        0x0 /home/joao-abreu/Linux_Apalis/linux-metroval/usr/SOEM1.3.0/lib/imx6/liboshw.a(oshw.o)
 .debug_frame   0x00000000       0x80 /home/joao-abreu/Linux_Apalis/linux-metroval/usr/SOEM1.3.0/lib/imx6/liboshw.a(oshw.o)
 .ARM.attributes
                0x00000000       0x33 /home/joao-abreu/Linux_Apalis/linux-metroval/usr/SOEM1.3.0/lib/imx6/liboshw.a(oshw.o)
 .text          0x00000000        0x0 /home/joao-abreu/Linux_Apalis/linux-metroval/usr/SOEM1.3.0/lib/imx6/libosal.a(osal.o)
 .data          0x00000000        0x0 /home/joao-abreu/Linux_Apalis/linux-metroval/usr/SOEM1.3.0/lib/imx6/libosal.a(osal.o)
 .bss           0x00000000        0x0 /home/joao-abreu/Linux_Apalis/linux-metroval/usr/SOEM1.3.0/lib/imx6/libosal.a(osal.o)
 .text.osal_current_time
                0x00000000       0x2e /home/joao-abreu/Linux_Apalis/linux-metroval/usr/SOEM1.3.0/lib/imx6/libosal.a(osal.o)
 .note.GNU-stack
                0x00000000        0x0 /home/joao-abreu/Linux_Apalis/linux-metroval/usr/SOEM1.3.0/lib/imx6/libosal.a(osal.o)
 .text          0x00000000        0x0 /home/joao-abreu/gcc-linaro-6.2.1-2016.11-i686_arm-linux-gnueabihf/bin/../lib/gcc/arm-linux-gnueabihf/6.2.1/crtend.o
 .data          0x00000000        0x0 /home/joao-abreu/gcc-linaro-6.2.1-2016.11-i686_arm-linux-gnueabihf/bin/../lib/gcc/arm-linux-gnueabihf/6.2.1/crtend.o
 .bss           0x00000000        0x0 /home/joao-abreu/gcc-linaro-6.2.1-2016.11-i686_arm-linux-gnueabihf/bin/../lib/gcc/arm-linux-gnueabihf/6.2.1/crtend.o
 .note.GNU-stack
                0x00000000        0x0 /home/joao-abreu/gcc-linaro-6.2.1-2016.11-i686_arm-linux-gnueabihf/bin/../lib/gcc/arm-linux-gnueabihf/6.2.1/crtend.o
 .text          0x00000000        0x0 /home/joao-abreu/gcc-linaro-6.2.1-2016.11-i686_arm-linux-gnueabihf/bin/../arm-linux-gnueabihf/libc/usr/lib/crtn.o
 .data          0x00000000        0x0 /home/joao-abreu/gcc-linaro-6.2.1-2016.11-i686_arm-linux-gnueabihf/bin/../arm-linux-gnueabihf/libc/usr/lib/crtn.o
 .bss           0x00000000        0x0 /home/joao-abreu/gcc-linaro-6.2.1-2016.11-i686_arm-linux-gnueabihf/bin/../arm-linux-gnueabihf/libc/usr/lib/crtn.o
 .note.GNU-stack
                0x00000000        0x0 /home/joao-abreu/gcc-linaro-6.2.1-2016.11-i686_arm-linux-gnueabihf/bin/../arm-linux-gnueabihf/libc/usr/lib/crtn.o

Memory Configuration

Name             Origin             Length             Attributes
*default*        0x00000000         0xffffffff

Linker script and memory map

LOAD /home/joao-abreu/gcc-linaro-6.2.1-2016.11-i686_arm-linux-gnueabihf/bin/../arm-linux-gnueabihf/libc/usr/lib/crt1.o
LOAD /home/joao-abreu/gcc-linaro-6.2.1-2016.11-i686_arm-linux-gnueabihf/bin/../arm-linux-gnueabihf/libc/usr/lib/crti.o
LOAD /home/joao-abreu/gcc-linaro-6.2.1-2016.11-i686_arm-linux-gnueabihf/bin/../lib/gcc/arm-linux-gnueabihf/6.2.1/crtbegin.o
LOAD /home/joao-abreu/gcc-linaro-6.2.1-2016.11-i686_arm-linux-gnueabihf/bin/../arm-linux-gnueabihf/libc/usr/lib/libpthread.so
START GROUP
LOAD /home/joao-abreu/gcc-linaro-6.2.1-2016.11-i686_arm-linux-gnueabihf/bin/../arm-linux-gnueabihf/libc/lib/libpthread.so.0
LOAD /home/joao-abreu/gcc-linaro-6.2.1-2016.11-i686_arm-linux-gnueabihf/bin/../arm-linux-gnueabihf/libc/usr/lib/libpthread_nonshared.a
END GROUP
LOAD obj/imx6/eepromtool.o
START GROUP
LOAD /home/joao-abreu/Linux_Apalis/linux-metroval/usr/SOEM1.3.0/lib/imx6/liboshw.a
LOAD /home/joao-abreu/Linux_Apalis/linux-metroval/usr/SOEM1.3.0/lib/imx6/libosal.a
LOAD /home/joao-abreu/Linux_Apalis/linux-metroval/usr/SOEM1.3.0/lib/imx6/libsoem.a
LOAD /home/joao-abreu/gcc-linaro-6.2.1-2016.11-i686_arm-linux-gnueabihf/bin/../arm-linux-gnueabihf/libc/usr/lib/libc.so
START GROUP
LOAD /home/joao-abreu/gcc-linaro-6.2.1-2016.11-i686_arm-linux-gnueabihf/bin/../arm-linux-gnueabihf/libc/lib/libc.so.6
LOAD /home/joao-abreu/gcc-linaro-6.2.1-2016.11-i686_arm-linux-gnueabihf/bin/../arm-linux-gnueabihf/libc/usr/lib/libc_nonshared.a
LOAD /home/joao-abreu/gcc-linaro-6.2.1-2016.11-i686_arm-linux-gnueabihf/bin/../arm-linux-gnueabihf/libc/lib/ld-linux-armhf.so.3
END GROUP
LOAD /home/joao-abreu/gcc-linaro-6.2.1-2016.11-i686_arm-linux-gnueabihf/bin/../arm-linux-gnueabihf/libc/usr/lib/libm.so
END GROUP
LOAD /home/joao-abreu/gcc-linaro-6.2.1-2016.11-i686_arm-linux-gnueabihf/bin/../lib/gcc/arm-linux-gnueabihf/6.2.1/libgcc.a
LOAD /home/joao-abreu/gcc-linaro-6.2.1-2016.11-i686_arm-linux-gnueabihf/bin/../lib/gcc/arm-linux-gnueabihf/6.2.1/../../../../arm-linux-gnueabihf/lib/libgcc_s.so
START GROUP
LOAD /home/joao-abreu/gcc-linaro-6.2.1-2016.11-i686_arm-linux-gnueabihf/bin/../lib/gcc/arm-linux-gnueabihf/6.2.1/../../../../arm-linux-gnueabihf/lib/libgcc_s.so.1
LOAD /home/joao-abreu/gcc-linaro-6.2.1-2016.11-i686_arm-linux-gnueabihf/bin/../lib/gcc/arm-linux-gnueabihf/6.2.1/libgcc.a
END GROUP
LOAD /home/joao-abreu/gcc-linaro-6.2.1-2016.11-i686_arm-linux-gnueabihf/bin/../arm-linux-gnueabihf/libc/usr/lib/libpthread.so
START GROUP
LOAD /home/joao-abreu/gcc-linaro-6.2.1-2016.11-i686_arm-linux-gnueabihf/bin/../arm-linux-gnueabihf/libc/lib/libpthread.so.0
LOAD /home/joao-abreu/gcc-linaro-6.2.1-2016.11-i686_arm-linux-gnueabihf/bin/../arm-linux-gnueabihf/libc/usr/lib/libpthread_nonshared.a
END GROUP
LOAD /home/joao-abreu/gcc-linaro-6.2.1-2016.11-i686_arm-linux-gnueabihf/bin/../arm-linux-gnueabihf/libc/usr/lib/libc.so
START GROUP
LOAD /home/joao-abreu/gcc-linaro-6.2.1-2016.11-i686_arm-linux-gnueabihf/bin/../arm-linux-gnueabihf/libc/lib/libc.so.6
LOAD /home/joao-abreu/gcc-linaro-6.2.1-2016.11-i686_arm-linux-gnueabihf/bin/../arm-linux-gnueabihf/libc/usr/lib/libc_nonshared.a
LOAD /home/joao-abreu/gcc-linaro-6.2.1-2016.11-i686_arm-linux-gnueabihf/bin/../arm-linux-gnueabihf/libc/lib/ld-linux-armhf.so.3
END GROUP
LOAD /home/joao-abreu/gcc-linaro-6.2.1-2016.11-i686_arm-linux-gnueabihf/bin/../lib/gcc/arm-linux-gnueabihf/6.2.1/libgcc.a
LOAD /home/joao-abreu/gcc-linaro-6.2.1-2016.11-i686_arm-linux-gnueabihf/bin/../lib/gcc/arm-linux-gnueabihf/6.2.1/../../../../arm-linux-gnueabihf/lib/libgcc_s.so
START GROUP
LOAD /home/joao-abreu/gcc-linaro-6.2.1-2016.11-i686_arm-linux-gnueabihf/bin/../lib/gcc/arm-linux-gnueabihf/6.2.1/../../../../arm-linux-gnueabihf/lib/libgcc_s.so.1
LOAD /home/joao-abreu/gcc-linaro-6.2.1-2016.11-i686_arm-linux-gnueabihf/bin/../lib/gcc/arm-linux-gnueabihf/6.2.1/libgcc.a
END GROUP
LOAD /home/joao-abreu/gcc-linaro-6.2.1-2016.11-i686_arm-linux-gnueabihf/bin/../lib/gcc/arm-linux-gnueabihf/6.2.1/crtend.o
LOAD /home/joao-abreu/gcc-linaro-6.2.1-2016.11-i686_arm-linux-gnueabihf/bin/../arm-linux-gnueabihf/libc/usr/lib/crtn.o
                [!provide]                PROVIDE (__executable_start, 0x10000)
                0x00010134                . = (0x10000 + SIZEOF_HEADERS)

.interp         0x00010134       0x19
 *(.interp)
 .interp        0x00010134       0x19 /home/joao-abreu/gcc-linaro-6.2.1-2016.11-i686_arm-linux-gnueabihf/bin/../arm-linux-gnueabihf/libc/usr/lib/crt1.o

.note.ABI-tag   0x00010150       0x20
 .note.ABI-tag  0x00010150       0x20 /home/joao-abreu/gcc-linaro-6.2.1-2016.11-i686_arm-linux-gnueabihf/bin/../arm-linux-gnueabihf/libc/usr/lib/crt1.o

.note.gnu.build-id
                0x00010170       0x24
 *(.note.gnu.build-id)
 .note.gnu.build-id
                0x00010170       0x24 linker stubs

.hash           0x00010194      0x138
 *(.hash)
 .hash          0x00010194      0x138 /home/joao-abreu/gcc-linaro-6.2.1-2016.11-i686_arm-linux-gnueabihf/bin/../arm-linux-gnueabihf/libc/usr/lib/crt1.o

.gnu.hash
 *(.gnu.hash)

.dynsym         0x000102cc      0x270
 *(.dynsym)
 .dynsym        0x000102cc      0x270 /home/joao-abreu/gcc-linaro-6.2.1-2016.11-i686_arm-linux-gnueabihf/bin/../arm-linux-gnueabihf/libc/usr/lib/crt1.o

.dynstr         0x0001053c      0x1bd
 *(.dynstr)
 .dynstr        0x0001053c      0x1bd /home/joao-abreu/gcc-linaro-6.2.1-2016.11-i686_arm-linux-gnueabihf/bin/../arm-linux-gnueabihf/libc/usr/lib/crt1.o

.gnu.version    0x000106fa       0x4e
 *(.gnu.version)
 .gnu.version   0x000106fa       0x4e /home/joao-abreu/gcc-linaro-6.2.1-2016.11-i686_arm-linux-gnueabihf/bin/../arm-linux-gnueabihf/libc/usr/lib/crt1.o

.gnu.version_d  0x00010748        0x0
 *(.gnu.version_d)
 .gnu.version_d
                0x00010748        0x0 /home/joao-abreu/gcc-linaro-6.2.1-2016.11-i686_arm-linux-gnueabihf/bin/../arm-linux-gnueabihf/libc/usr/lib/crt1.o

.gnu.version_r  0x00010748       0x60
 *(.gnu.version_r)
 .gnu.version_r
                0x00010748       0x60 /home/joao-abreu/gcc-linaro-6.2.1-2016.11-i686_arm-linux-gnueabihf/bin/../arm-linux-gnueabihf/libc/usr/lib/crt1.o

.rel.dyn        0x000107a8       0x10
 *(.rel.init)
 *(.rel.text .rel.text.* .rel.gnu.linkonce.t.*)
 *(.rel.fini)
 *(.rel.rodata .rel.rodata.* .rel.gnu.linkonce.r.*)
 *(.rel.data.rel.ro .rel.data.rel.ro.* .rel.gnu.linkonce.d.rel.ro.*)
 *(.rel.data .rel.data.* .rel.gnu.linkonce.d.*)
 *(.rel.tdata .rel.tdata.* .rel.gnu.linkonce.td.*)
 *(.rel.tbss .rel.tbss.* .rel.gnu.linkonce.tb.*)
 *(.rel.ctors)
 *(.rel.dtors)
 *(.rel.got)
 .rel.got       0x000107a8        0x8 /home/joao-abreu/gcc-linaro-6.2.1-2016.11-i686_arm-linux-gnueabihf/bin/../arm-linux-gnueabihf/libc/usr/lib/crt1.o
 *(.rel.bss .rel.bss.* .rel.gnu.linkonce.b.*)
 .rel.bss       0x000107b0        0x8 /home/joao-abreu/gcc-linaro-6.2.1-2016.11-i686_arm-linux-gnueabihf/bin/../arm-linux-gnueabihf/libc/usr/lib/crt1.o
                [!provide]                PROVIDE (__rel_iplt_start, .)
 *(.rel.iplt)
 .rel.iplt      0x000107b8        0x0 /home/joao-abreu/gcc-linaro-6.2.1-2016.11-i686_arm-linux-gnueabihf/bin/../arm-linux-gnueabihf/libc/usr/lib/crt1.o
                [!provide]                PROVIDE (__rel_iplt_end, .)

.rela.dyn       0x000107b8        0x0
 *(.rela.init)
 *(.rela.text .rela.text.* .rela.gnu.linkonce.t.*)
 *(.rela.fini)
 *(.rela.rodata .rela.rodata.* .rela.gnu.linkonce.r.*)
 *(.rela.data .rela.data.* .rela.gnu.linkonce.d.*)
 *(.rela.tdata .rela.tdata.* .rela.gnu.linkonce.td.*)
 *(.rela.tbss .rela.tbss.* .rela.gnu.linkonce.tb.*)
 *(.rela.ctors)
 *(.rela.dtors)
 *(.rela.got)
 *(.rela.bss .rela.bss.* .rela.gnu.linkonce.b.*)
                [!provide]                PROVIDE (__rela_iplt_start, .)
 *(.rela.iplt)
                [!provide]                PROVIDE (__rela_iplt_end, .)

.rel.plt        0x000107b8      0x110
 *(.rel.plt)
 .rel.plt       0x000107b8      0x110 /home/joao-abreu/gcc-linaro-6.2.1-2016.11-i686_arm-linux-gnueabihf/bin/../arm-linux-gnueabihf/libc/usr/lib/crt1.o

.rela.plt
 *(.rela.plt)

.init           0x000108c8        0xc
 *(SORT(.init))
 .init          0x000108c8        0x8 /home/joao-abreu/gcc-linaro-6.2.1-2016.11-i686_arm-linux-gnueabihf/bin/../arm-linux-gnueabihf/libc/usr/lib/crti.o
                0x000108c8                _init
 .init          0x000108d0        0x4 /home/joao-abreu/gcc-linaro-6.2.1-2016.11-i686_arm-linux-gnueabihf/bin/../arm-linux-gnueabihf/libc/usr/lib/crtn.o

.plt            0x000108d4      0x1ac
 *(.plt)
 .plt           0x000108d4      0x1ac /home/joao-abreu/gcc-linaro-6.2.1-2016.11-i686_arm-linux-gnueabihf/bin/../arm-linux-gnueabihf/libc/usr/lib/crt1.o
                0x000108e8                pthread_mutex_unlock@@GLIBC_2.4
                0x000108f4                setsockopt@@GLIBC_2.4
                0x00010900                printf@@GLIBC_2.4
                0x0001090c                fopen@@GLIBC_2.4
                0x00010918                fflush@@GLIBC_2.4
                0x00010924                pthread_mutex_lock@@GLIBC_2.4
                0x00010930                nanosleep@@GLIBC_2.4
                0x0001093c                clock_gettime@@GLIBC_2.17
                0x00010948                memcpy@@GLIBC_2.4
                0x00010954                pthread_mutex_init@@GLIBC_2.4
                0x00010960                htons@@GLIBC_2.4
                0x0001096c                fwrite@@GLIBC_2.4
                0x00010978                ioctl@@GLIBC_2.4
                0x00010984                strcpy@@GLIBC_2.4
                0x00010990                gettimeofday@@GLIBC_2.4
                0x0001099c                puts@@GLIBC_2.4
                0x000109a8                __libc_start_main@@GLIBC_2.4
                0x000109c0                fprintf@@GLIBC_2.4
                0x000109cc                __isoc99_sscanf@@GLIBC_2.7
                0x000109d8                bind@@GLIBC_2.4
                0x000109e4                memset@@GLIBC_2.4
                0x000109f0                putchar@@GLIBC_2.4
                0x000109fc                fgetc@@GLIBC_2.4
                0x00010a08                fclose@@GLIBC_2.4
                0x00010a14                ntohs@@GLIBC_2.4
                0x00010a20                fputc@@GLIBC_2.4
                0x00010a2c                atoi@@GLIBC_2.4
                0x00010a38                socket@@GLIBC_2.4
                0x00010a44                strncmp@@GLIBC_2.4
                0x00010a50                abort@@GLIBC_2.4
                0x00010a5c                recv@@GLIBC_2.4
                0x00010a68                close@@GLIBC_2.4
                0x00010a74                send@@GLIBC_2.4

.iplt           0x00010a80        0x0
 *(.iplt)
 .iplt          0x00010a80        0x0 /home/joao-abreu/gcc-linaro-6.2.1-2016.11-i686_arm-linux-gnueabihf/bin/../arm-linux-gnueabihf/libc/usr/lib/crt1.o

.text           0x00010a80     0x2534
 *(.text.unlikely .text.*_unlikely .text.unlikely.*)
 *(.text.exit .text.exit.*)
 *(.text.startup .text.startup.*)
 *(.text.hot .text.hot.*)
 *(.text .stub .text.* .gnu.linkonce.t.*)
 .text          0x00010a80       0x30 /home/joao-abreu/gcc-linaro-6.2.1-2016.11-i686_arm-linux-gnueabihf/bin/../arm-linux-gnueabihf/libc/usr/lib/crt1.o
                0x00010a80                _start
 .text          0x00010ab0       0x24 /home/joao-abreu/gcc-linaro-6.2.1-2016.11-i686_arm-linux-gnueabihf/bin/../arm-linux-gnueabihf/libc/usr/lib/crti.o
 .text          0x00010ad4       0x8c /home/joao-abreu/gcc-linaro-6.2.1-2016.11-i686_arm-linux-gnueabihf/bin/../lib/gcc/arm-linux-gnueabihf/6.2.1/crtbegin.o
 .text.calc_crc
                0x00010b60       0x5e obj/imx6/eepromtool.o
                0x00010b60                calc_crc
 .text.SIIcrc   0x00010bbe       0x40 obj/imx6/eepromtool.o
                0x00010bbe                SIIcrc
 .text.input_bin
                0x00010bfe       0x68 obj/imx6/eepromtool.o
                0x00010bfe                input_bin
 .text.input_intelhex
                0x00010c66      0x202 obj/imx6/eepromtool.o
                0x00010c66                input_intelhex
 .text.output_bin
                0x00010e68       0x5c obj/imx6/eepromtool.o
                0x00010e68                output_bin
 .text.output_intelhex
                0x00010ec4       0xee obj/imx6/eepromtool.o
                0x00010ec4                output_intelhex
 .text.eeprom_read
                0x00010fb2      0x280 obj/imx6/eepromtool.o
                0x00010fb2                eeprom_read
 .text.eeprom_write
                0x00011232      0x102 obj/imx6/eepromtool.o
                0x00011232                eeprom_write
 .text.eeprom_writealias
                0x00011334       0xb8 obj/imx6/eepromtool.o
                0x00011334                eeprom_writealias
 .text.eepromtool
                0x000113ec      0x5a8 obj/imx6/eepromtool.o
                0x000113ec                eepromtool
 .text.main     0x00011994      0x1f6 obj/imx6/eepromtool.o
                0x00011994                main
 .text.ecx_setupdatagram
                0x00011b8a       0xb2 /home/joao-abreu/Linux_Apalis/linux-metroval/usr/SOEM1.3.0/lib/imx6/libsoem.a(ethercatbase.o)
                0x00011b8a                ecx_setupdatagram
 .text.ecx_BRD  0x00011c3c       0xb2 /home/joao-abreu/Linux_Apalis/linux-metroval/usr/SOEM1.3.0/lib/imx6/libsoem.a(ethercatbase.o)
                0x00011c3c                ecx_BRD
 .text.ecx_APRD
                0x00011cee       0xb2 /home/joao-abreu/Linux_Apalis/linux-metroval/usr/SOEM1.3.0/lib/imx6/libsoem.a(ethercatbase.o)
                0x00011cee                ecx_APRD
 .text.ecx_APWR
                0x00011da0       0x8e /home/joao-abreu/Linux_Apalis/linux-metroval/usr/SOEM1.3.0/lib/imx6/libsoem.a(ethercatbase.o)
                0x00011da0                ecx_APWR
 .text.ec_BRD   0x00011e2e       0x44 /home/joao-abreu/Linux_Apalis/linux-metroval/usr/SOEM1.3.0/lib/imx6/libsoem.a(ethercatbase.o)
                0x00011e2e                ec_BRD
 .text.ec_APRD  0x00011e72       0x44 /home/joao-abreu/Linux_Apalis/linux-metroval/usr/SOEM1.3.0/lib/imx6/libsoem.a(ethercatbase.o)
                0x00011e72                ec_APRD
 .text.ec_APWR  0x00011eb6       0x44 /home/joao-abreu/Linux_Apalis/linux-metroval/usr/SOEM1.3.0/lib/imx6/libsoem.a(ethercatbase.o)
                0x00011eb6                ec_APWR
 .text.ecx_init
                0x00011efa       0x20 /home/joao-abreu/Linux_Apalis/linux-metroval/usr/SOEM1.3.0/lib/imx6/libsoem.a(ethercatmain.o)
                0x00011efa                ecx_init
 .text.ecx_close
                0x00011f1a       0x18 /home/joao-abreu/Linux_Apalis/linux-metroval/usr/SOEM1.3.0/lib/imx6/libsoem.a(ethercatmain.o)
                0x00011f1a                ecx_close
 .text.ecx_eeprom_waitnotbusyAP
                0x00011f32       0x94 /home/joao-abreu/Linux_Apalis/linux-metroval/usr/SOEM1.3.0/lib/imx6/libsoem.a(ethercatmain.o)
                0x00011f32                ecx_eeprom_waitnotbusyAP
 .text.ecx_readeepromAP
                0x00011fc6      0x198 /home/joao-abreu/Linux_Apalis/linux-metroval/usr/SOEM1.3.0/lib/imx6/libsoem.a(ethercatmain.o)
                0x00011fc6                ecx_readeepromAP
 .text.ecx_writeeepromAP
                0x0001215e      0x154 /home/joao-abreu/Linux_Apalis/linux-metroval/usr/SOEM1.3.0/lib/imx6/libsoem.a(ethercatmain.o)
                0x0001215e                ecx_writeeepromAP
 .text.ec_init  0x000122b2       0x1e /home/joao-abreu/Linux_Apalis/linux-metroval/usr/SOEM1.3.0/lib/imx6/libsoem.a(ethercatmain.o)
                0x000122b2                ec_init
 .text.ec_close
                0x000122d0       0x12 /home/joao-abreu/Linux_Apalis/linux-metroval/usr/SOEM1.3.0/lib/imx6/libsoem.a(ethercatmain.o)
                0x000122d0                ec_close
 .text.ec_readeepromAP
                0x000122e2       0x34 /home/joao-abreu/Linux_Apalis/linux-metroval/usr/SOEM1.3.0/lib/imx6/libsoem.a(ethercatmain.o)
                0x000122e2                ec_readeepromAP
 .text.ec_writeeepromAP
                0x00012316       0x40 /home/joao-abreu/Linux_Apalis/linux-metroval/usr/SOEM1.3.0/lib/imx6/libsoem.a(ethercatmain.o)
                0x00012316                ec_writeeepromAP
 *fill*         0x00012356        0x2 
 .text          0x00012358       0x44 /home/joao-abreu/gcc-linaro-6.2.1-2016.11-i686_arm-linux-gnueabihf/bin/../arm-linux-gnueabihf/libc/usr/lib/libc_nonshared.a(elf-init.oS)
                0x00012358                __libc_csu_init
                0x00012398                __libc_csu_fini
 .text.ecx_setupnic
                0x0001239c      0x2dc /home/joao-abreu/Linux_Apalis/linux-metroval/usr/SOEM1.3.0/lib/imx6/liboshw.a(nicdrv.o)
                0x0001239c                ecx_setupnic
 .text.ecx_closenic
                0x00012678       0x52 /home/joao-abreu/Linux_Apalis/linux-metroval/usr/SOEM1.3.0/lib/imx6/liboshw.a(nicdrv.o)
                0x00012678                ecx_closenic
 .text.ec_setupheader
                0x000126ca       0x88 /home/joao-abreu/Linux_Apalis/linux-metroval/usr/SOEM1.3.0/lib/imx6/liboshw.a(nicdrv.o)
                0x000126ca                ec_setupheader
 .text.ecx_getindex
                0x00012752       0xb4 /home/joao-abreu/Linux_Apalis/linux-metroval/usr/SOEM1.3.0/lib/imx6/liboshw.a(nicdrv.o)
                0x00012752                ecx_getindex
 .text.ecx_setbufstat
                0x00012806       0x40 /home/joao-abreu/Linux_Apalis/linux-metroval/usr/SOEM1.3.0/lib/imx6/liboshw.a(nicdrv.o)
                0x00012806                ecx_setbufstat
 .text.ecx_outframe
                0x00012846       0x64 /home/joao-abreu/Linux_Apalis/linux-metroval/usr/SOEM1.3.0/lib/imx6/liboshw.a(nicdrv.o)
                0x00012846                ecx_outframe
 .text.ecx_outframe_red
                0x000128aa       0xdc /home/joao-abreu/Linux_Apalis/linux-metroval/usr/SOEM1.3.0/lib/imx6/liboshw.a(nicdrv.o)
                0x000128aa                ecx_outframe_red
 .text.ecx_recvpkt
                0x00012986       0x5a /home/joao-abreu/Linux_Apalis/linux-metroval/usr/SOEM1.3.0/lib/imx6/liboshw.a(nicdrv.o)
 .text.ecx_inframe
                0x000129e0      0x1be /home/joao-abreu/Linux_Apalis/linux-metroval/usr/SOEM1.3.0/lib/imx6/liboshw.a(nicdrv.o)
                0x000129e0                ecx_inframe
 .text.ecx_waitinframe_red
                0x00012b9e      0x224 /home/joao-abreu/Linux_Apalis/linux-metroval/usr/SOEM1.3.0/lib/imx6/liboshw.a(nicdrv.o)
 .text.ecx_srconfirm
                0x00012dc2       0x82 /home/joao-abreu/Linux_Apalis/linux-metroval/usr/SOEM1.3.0/lib/imx6/liboshw.a(nicdrv.o)
                0x00012dc2                ecx_srconfirm
 .text.osal_usleep
                0x00012e44       0x52 /home/joao-abreu/Linux_Apalis/linux-metroval/usr/SOEM1.3.0/lib/imx6/libosal.a(osal.o)
                0x00012e44                osal_usleep
 .text.osal_gettimeofday
                0x00012e96       0x3a /home/joao-abreu/Linux_Apalis/linux-metroval/usr/SOEM1.3.0/lib/imx6/libosal.a(osal.o)
                0x00012e96                osal_gettimeofday
 .text.osal_timer_start
                0x00012ed0       0x8c /home/joao-abreu/Linux_Apalis/linux-metroval/usr/SOEM1.3.0/lib/imx6/libosal.a(osal.o)
                0x00012ed0                osal_timer_start
 .text.osal_timer_is_expired
                0x00012f5c       0x58 /home/joao-abreu/Linux_Apalis/linux-metroval/usr/SOEM1.3.0/lib/imx6/libosal.a(osal.o)
                0x00012f5c                osal_timer_is_expired
 *(.gnu.warning)
 *(.glue_7t)
 .glue_7t       0x00012fb4        0x0 linker stubs
 *(.glue_7)
 .glue_7        0x00012fb4        0x0 linker stubs
 *(.vfp11_veneer)
 .vfp11_veneer  0x00012fb4        0x0 linker stubs
 *(.v4_bx)
 .v4_bx         0x00012fb4        0x0 linker stubs

.fini           0x00012fb4        0x8
 *(SORT(.fini))
 .fini          0x00012fb4        0x4 /home/joao-abreu/gcc-linaro-6.2.1-2016.11-i686_arm-linux-gnueabihf/bin/../arm-linux-gnueabihf/libc/usr/lib/crti.o
                0x00012fb4                _fini
 .fini          0x00012fb8        0x4 /home/joao-abreu/gcc-linaro-6.2.1-2016.11-i686_arm-linux-gnueabihf/bin/../arm-linux-gnueabihf/libc/usr/lib/crtn.o
                [!provide]                PROVIDE (__etext, .)
                [!provide]                PROVIDE (_etext, .)
                [!provide]                PROVIDE (etext, .)

.rodata         0x00012fbc      0x548
 *(.rodata .rodata.* .gnu.linkonce.r.*)
 .rodata        0x00012fbc      0x548 obj/imx6/eepromtool.o

.rodata1
 *(.rodata1)

.ARM.extab
 *(.ARM.extab* .gnu.linkonce.armextab.*)
                [!provide]                PROVIDE (__exidx_start, .)

.ARM.exidx      0x00013504        0x8
 *(.ARM.exidx* .gnu.linkonce.armexidx.*)
 .ARM.exidx     0x00013504        0x8 /home/joao-abreu/gcc-linaro-6.2.1-2016.11-i686_arm-linux-gnueabihf/bin/../arm-linux-gnueabihf/libc/usr/lib/crt1.o
                [!provide]                PROVIDE (__exidx_end, .)

.eh_frame_hdr
 *(.eh_frame_hdr)
 *(.eh_frame_entry .eh_frame_entry.*)

.eh_frame       0x0001350c        0x4
 *(.eh_frame)
 .eh_frame      0x0001350c        0x4 /home/joao-abreu/gcc-linaro-6.2.1-2016.11-i686_arm-linux-gnueabihf/bin/../lib/gcc/arm-linux-gnueabihf/6.2.1/crtend.o
 *(.eh_frame.*)

.gcc_except_table
 *(.gcc_except_table .gcc_except_table.*)

.gnu_extab
 *(.gnu_extab*)

.exception_ranges
 *(.exception_ranges .exception_ranges*)
                0x00023510                . = DATA_SEGMENT_ALIGN (0x10000, 0x1000)

.eh_frame
 *(.eh_frame)
 *(.eh_frame.*)

.gnu_extab
 *(.gnu_extab)

.gcc_except_table
 *(.gcc_except_table .gcc_except_table.*)

.exception_ranges
 *(.exception_ranges .exception_ranges*)

.tdata
 *(.tdata .tdata.* .gnu.linkonce.td.*)

.tbss
 *(.tbss .tbss.* .gnu.linkonce.tb.*)
 *(.tcommon)

.preinit_array  0x00023510        0x0
                [!provide]                PROVIDE (__preinit_array_start, .)
 *(.preinit_array)
                [!provide]                PROVIDE (__preinit_array_end, .)

.init_array     0x00023510        0x4
                0x00023510                PROVIDE (__init_array_start, .)
 *(SORT(.init_array.*) SORT(.ctors.*))
 *(.init_array EXCLUDE_FILE(*crtend?.o *crtend.o *crtbegin?.o *crtbegin.o) .ctors)
 .init_array    0x00023510        0x4 /home/joao-abreu/gcc-linaro-6.2.1-2016.11-i686_arm-linux-gnueabihf/bin/../lib/gcc/arm-linux-gnueabihf/6.2.1/crtbegin.o
                0x00023514                PROVIDE (__init_array_end, .)

.fini_array     0x00023514        0x4
                [!provide]                PROVIDE (__fini_array_start, .)
 *(SORT(.fini_array.*) SORT(.dtors.*))
 *(.fini_array EXCLUDE_FILE(*crtend?.o *crtend.o *crtbegin?.o *crtbegin.o) .dtors)
 .fini_array    0x00023514        0x4 /home/joao-abreu/gcc-linaro-6.2.1-2016.11-i686_arm-linux-gnueabihf/bin/../lib/gcc/arm-linux-gnueabihf/6.2.1/crtbegin.o
                [!provide]                PROVIDE (__fini_array_end, .)

.ctors
 *crtbegin.o(.ctors)
 *crtbegin?.o(.ctors)
 *(EXCLUDE_FILE(*crtend?.o *crtend.o) .ctors)
 *(SORT(.ctors.*))
 *(.ctors)

.dtors
 *crtbegin.o(.dtors)
 *crtbegin?.o(.dtors)
 *(EXCLUDE_FILE(*crtend?.o *crtend.o) .dtors)
 *(SORT(.dtors.*))
 *(.dtors)

.jcr            0x00023518        0x4
 *(.jcr)
 .jcr           0x00023518        0x0 /home/joao-abreu/gcc-linaro-6.2.1-2016.11-i686_arm-linux-gnueabihf/bin/../lib/gcc/arm-linux-gnueabihf/6.2.1/crtbegin.o
 .jcr           0x00023518        0x4 /home/joao-abreu/gcc-linaro-6.2.1-2016.11-i686_arm-linux-gnueabihf/bin/../lib/gcc/arm-linux-gnueabihf/6.2.1/crtend.o

.data.rel.ro
 *(.data.rel.ro.local* .gnu.linkonce.d.rel.ro.local.*)
 *(.data.rel.ro .data.rel.ro.* .gnu.linkonce.d.rel.ro.*)

.dynamic        0x0002351c       0xf8
 *(.dynamic)
 .dynamic       0x0002351c       0xf8 /home/joao-abreu/gcc-linaro-6.2.1-2016.11-i686_arm-linux-gnueabihf/bin/../arm-linux-gnueabihf/libc/usr/lib/crt1.o
                0x0002351c                _DYNAMIC
                0x00023614                . = DATA_SEGMENT_RELRO_END (., 0x0)

.got            0x00023614       0x98
 *(.got.plt)
 .got.plt       0x00023614       0x94 /home/joao-abreu/gcc-linaro-6.2.1-2016.11-i686_arm-linux-gnueabihf/bin/../arm-linux-gnueabihf/libc/usr/lib/crt1.o
                0x00023614                _GLOBAL_OFFSET_TABLE_
 *(.igot.plt)
 .igot.plt      0x000236a8        0x0 /home/joao-abreu/gcc-linaro-6.2.1-2016.11-i686_arm-linux-gnueabihf/bin/../arm-linux-gnueabihf/libc/usr/lib/crt1.o
 *(.got)
 .got           0x000236a8        0x4 /home/joao-abreu/gcc-linaro-6.2.1-2016.11-i686_arm-linux-gnueabihf/bin/../arm-linux-gnueabihf/libc/usr/lib/crt1.o
 *(.igot)

.data           0x000236ac       0x50
                [!provide]                PROVIDE (__data_start, .)
 *(.data .data.* .gnu.linkonce.d.*)
 .data          0x000236ac       0x50 /home/joao-abreu/Linux_Apalis/linux-metroval/usr/SOEM1.3.0/lib/imx6/libsoem.a(ethercatmain.o)
                0x000236ac                ecx_context

.tm_clone_table
                0x000236fc        0x0
 .tm_clone_table
                0x000236fc        0x0 /home/joao-abreu/gcc-linaro-6.2.1-2016.11-i686_arm-linux-gnueabihf/bin/../lib/gcc/arm-linux-gnueabihf/6.2.1/crtbegin.o
 .tm_clone_table
                0x000236fc        0x0 /home/joao-abreu/gcc-linaro-6.2.1-2016.11-i686_arm-linux-gnueabihf/bin/../lib/gcc/arm-linux-gnueabihf/6.2.1/crtend.o

.data1
 *(.data1)
                0x000236fc                _edata = .
                [!provide]                PROVIDE (edata, .)
                0x000236fc                . = .
                0x000236fc                __bss_start = .
                0x000236fc                __bss_start__ = .

.bss            0x00023700    0x2c76c
 *(.dynbss)
 .dynbss        0x00023700        0x4 /home/joao-abreu/gcc-linaro-6.2.1-2016.11-i686_arm-linux-gnueabihf/bin/../arm-linux-gnueabihf/libc/usr/lib/crt1.o
                0x00023700                stdout@@GLIBC_2.4
 *(.bss .bss.* .gnu.linkonce.b.*)
 .bss           0x00023704        0x1 /home/joao-abreu/gcc-linaro-6.2.1-2016.11-i686_arm-linux-gnueabihf/bin/../lib/gcc/arm-linux-gnueabihf/6.2.1/crtbegin.o
 *fill*         0x00023705        0x3 
 .bss           0x00023708     0x1fc0 /home/joao-abreu/Linux_Apalis/linux-metroval/usr/SOEM1.3.0/lib/imx6/libsoem.a(ethercatmain.o)
                0x00023708                EcatError
 *(COMMON)
 COMMON         0x000256c8     0x8134 obj/imx6/eepromtool.o
                0x000256c8                ebuf
                0x0002d6c8                os
                0x0002d6cc                ow
                0x0002d6d0                tend
                0x0002d6d8                tdif
                0x0002d6e0                tstart
                0x0002d6e8                slave
                0x0002d6ec                alias
                0x0002d6f0                sline
                0x0002d7f0                ob
                0x0002d7f4                mode
                0x0002d7f8                wkc
 *fill*         0x0002d7fc        0x4 
 COMMON         0x0002d800    0x2266c /home/joao-abreu/Linux_Apalis/linux-metroval/usr/SOEM1.3.0/lib/imx6/libsoem.a(ethercatmain.o)
                0x0002d800                ecx_port
                0x0003a2dc                ecx_redport
                0x00040850                ec_DCtime
                0x00040858                ec_slavecount
                0x0004085c                ec_group
                0x00040aac                ec_slave
                0x0004fe6c                . = ALIGN ((. != 0x0)?0x4:0x1)
                0x0004fe6c                _bss_end__ = .
                0x0004fe6c                __bss_end__ = .
                0x0004fe6c                . = ALIGN (0x4)
                0x0004fe6c                . = SEGMENT_START ("ldata-segment", .)
                0x0004fe6c                . = ALIGN (0x4)
                0x0004fe6c                __end__ = .
                0x0004fe6c                _end = .
                [!provide]                PROVIDE (end, .)
                0x0004fe6c                . = DATA_SEGMENT_END (.)

.stab
 *(.stab)

.stabstr
 *(.stabstr)

.stab.excl
 *(.stab.excl)

.stab.exclstr
 *(.stab.exclstr)

.stab.index
 *(.stab.index)

.stab.indexstr
 *(.stab.indexstr)

.comment        0x00000000       0x2d
 *(.comment)
 .comment       0x00000000       0x2d /home/joao-abreu/gcc-linaro-6.2.1-2016.11-i686_arm-linux-gnueabihf/bin/../arm-linux-gnueabihf/libc/usr/lib/crt1.o
                                 0x2e (size before relaxing)
 .comment       0x0000002d       0x2e /home/joao-abreu/gcc-linaro-6.2.1-2016.11-i686_arm-linux-gnueabihf/bin/../lib/gcc/arm-linux-gnueabihf/6.2.1/crtbegin.o
 .comment       0x0000002d       0x2e obj/imx6/eepromtool.o
 .comment       0x0000002d       0x2e /home/joao-abreu/Linux_Apalis/linux-metroval/usr/SOEM1.3.0/lib/imx6/libsoem.a(ethercatbase.o)
 .comment       0x0000002d       0x2e /home/joao-abreu/Linux_Apalis/linux-metroval/usr/SOEM1.3.0/lib/imx6/libsoem.a(ethercatmain.o)
 .comment       0x0000002d       0x2e /home/joao-abreu/gcc-linaro-6.2.1-2016.11-i686_arm-linux-gnueabihf/bin/../arm-linux-gnueabihf/libc/usr/lib/libc_nonshared.a(elf-init.oS)
 .comment       0x0000002d       0x2e /home/joao-abreu/Linux_Apalis/linux-metroval/usr/SOEM1.3.0/lib/imx6/liboshw.a(nicdrv.o)
 .comment       0x0000002d       0x2e /home/joao-abreu/Linux_Apalis/linux-metroval/usr/SOEM1.3.0/lib/imx6/libosal.a(osal.o)
 .comment       0x0000002d       0x2e /home/joao-abreu/gcc-linaro-6.2.1-2016.11-i686_arm-linux-gnueabihf/bin/../lib/gcc/arm-linux-gnueabihf/6.2.1/crtend.o

.ARM.attributes
                0x00000000       0x33
 .ARM.attributes
                0x00000000       0x33 /home/joao-abreu/gcc-linaro-6.2.1-2016.11-i686_arm-linux-gnueabihf/bin/../arm-linux-gnueabihf/libc/usr/lib/crt1.o
 .ARM.attributes
                0x00000033       0x23 /home/joao-abreu/gcc-linaro-6.2.1-2016.11-i686_arm-linux-gnueabihf/bin/../arm-linux-gnueabihf/libc/usr/lib/crti.o
 .ARM.attributes
                0x00000056       0x33 /home/joao-abreu/gcc-linaro-6.2.1-2016.11-i686_arm-linux-gnueabihf/bin/../lib/gcc/arm-linux-gnueabihf/6.2.1/crtbegin.o
 .ARM.attributes
                0x00000089       0x33 obj/imx6/eepromtool.o
 .ARM.attributes
                0x000000bc       0x33 /home/joao-abreu/Linux_Apalis/linux-metroval/usr/SOEM1.3.0/lib/imx6/libsoem.a(ethercatbase.o)
 .ARM.attributes
                0x000000ef       0x33 /home/joao-abreu/Linux_Apalis/linux-metroval/usr/SOEM1.3.0/lib/imx6/libsoem.a(ethercatmain.o)
 .ARM.attributes
                0x00000122       0x35 /home/joao-abreu/gcc-linaro-6.2.1-2016.11-i686_arm-linux-gnueabihf/bin/../arm-linux-gnueabihf/libc/usr/lib/libc_nonshared.a(elf-init.oS)
 .ARM.attributes
                0x00000157       0x33 /home/joao-abreu/Linux_Apalis/linux-metroval/usr/SOEM1.3.0/lib/imx6/liboshw.a(nicdrv.o)
 .ARM.attributes
                0x0000018a       0x33 /home/joao-abreu/Linux_Apalis/linux-metroval/usr/SOEM1.3.0/lib/imx6/libosal.a(osal.o)
 .ARM.attributes
                0x000001bd       0x33 /home/joao-abreu/gcc-linaro-6.2.1-2016.11-i686_arm-linux-gnueabihf/bin/../lib/gcc/arm-linux-gnueabihf/6.2.1/crtend.o
 .ARM.attributes
                0x000001f0       0x23 /home/joao-abreu/gcc-linaro-6.2.1-2016.11-i686_arm-linux-gnueabihf/bin/../arm-linux-gnueabihf/libc/usr/lib/crtn.o

.debug
 *(.debug)

.line
 *(.line)

.debug_srcinfo
 *(.debug_srcinfo)

.debug_sfnames
 *(.debug_sfnames)

.debug_aranges  0x00000000      0x610
 *(.debug_aranges)
 .debug_aranges
                0x00000000       0x38 /home/joao-abreu/gcc-linaro-6.2.1-2016.11-i686_arm-linux-gnueabihf/bin/../arm-linux-gnueabihf/libc/usr/lib/crt1.o
 .debug_aranges
                0x00000038       0x30 /home/joao-abreu/gcc-linaro-6.2.1-2016.11-i686_arm-linux-gnueabihf/bin/../arm-linux-gnueabihf/libc/usr/lib/crti.o
 .debug_aranges
                0x00000068       0x70 obj/imx6/eepromtool.o
 .debug_aranges
                0x000000d8      0x138 /home/joao-abreu/Linux_Apalis/linux-metroval/usr/SOEM1.3.0/lib/imx6/libsoem.a(ethercatbase.o)
 .debug_aranges
                0x00000210      0x2b8 /home/joao-abreu/Linux_Apalis/linux-metroval/usr/SOEM1.3.0/lib/imx6/libsoem.a(ethercatmain.o)
 .debug_aranges
                0x000004c8       0x20 /home/joao-abreu/gcc-linaro-6.2.1-2016.11-i686_arm-linux-gnueabihf/bin/../arm-linux-gnueabihf/libc/usr/lib/libc_nonshared.a(elf-init.oS)
 .debug_aranges
                0x000004e8       0xc0 /home/joao-abreu/Linux_Apalis/linux-metroval/usr/SOEM1.3.0/lib/imx6/liboshw.a(nicdrv.o)
 .debug_aranges
                0x000005a8       0x40 /home/joao-abreu/Linux_Apalis/linux-metroval/usr/SOEM1.3.0/lib/imx6/libosal.a(osal.o)
 .debug_aranges
                0x000005e8       0x28 /home/joao-abreu/gcc-linaro-6.2.1-2016.11-i686_arm-linux-gnueabihf/bin/../arm-linux-gnueabihf/libc/usr/lib/crtn.o

.debug_pubnames
 *(.debug_pubnames)

.debug_info     0x00000000     0x9d49
 *(.debug_info .gnu.linkonce.wi.*)
 .debug_info    0x00000000      0x163 /home/joao-abreu/gcc-linaro-6.2.1-2016.11-i686_arm-linux-gnueabihf/bin/../arm-linux-gnueabihf/libc/usr/lib/crt1.o
 .debug_info    0x00000163       0xd6 /home/joao-abreu/gcc-linaro-6.2.1-2016.11-i686_arm-linux-gnueabihf/bin/../arm-linux-gnueabihf/libc/usr/lib/crti.o
 .debug_info    0x00000239     0x1aa2 obj/imx6/eepromtool.o
 .debug_info    0x00001cdb     0x2581 /home/joao-abreu/Linux_Apalis/linux-metroval/usr/SOEM1.3.0/lib/imx6/libsoem.a(ethercatbase.o)
 .debug_info    0x0000425c     0x36c8 /home/joao-abreu/Linux_Apalis/linux-metroval/usr/SOEM1.3.0/lib/imx6/libsoem.a(ethercatmain.o)
 .debug_info    0x00007924      0x189 /home/joao-abreu/gcc-linaro-6.2.1-2016.11-i686_arm-linux-gnueabihf/bin/../arm-linux-gnueabihf/libc/usr/lib/libc_nonshared.a(elf-init.oS)
 .debug_info    0x00007aad     0x1e1b /home/joao-abreu/Linux_Apalis/linux-metroval/usr/SOEM1.3.0/lib/imx6/liboshw.a(nicdrv.o)
 .debug_info    0x000098c8      0x3ab /home/joao-abreu/Linux_Apalis/linux-metroval/usr/SOEM1.3.0/lib/imx6/libosal.a(osal.o)
 .debug_info    0x00009c73       0xd6 /home/joao-abreu/gcc-linaro-6.2.1-2016.11-i686_arm-linux-gnueabihf/bin/../arm-linux-gnueabihf/libc/usr/lib/crtn.o

.debug_abbrev   0x00000000      0xf34
 *(.debug_abbrev)
 .debug_abbrev  0x00000000       0x52 /home/joao-abreu/gcc-linaro-6.2.1-2016.11-i686_arm-linux-gnueabihf/bin/../arm-linux-gnueabihf/libc/usr/lib/crt1.o
 .debug_abbrev  0x00000052       0x12 /home/joao-abreu/gcc-linaro-6.2.1-2016.11-i686_arm-linux-gnueabihf/bin/../arm-linux-gnueabihf/libc/usr/lib/crti.o
 .debug_abbrev  0x00000064      0x2d0 obj/imx6/eepromtool.o
 .debug_abbrev  0x00000334      0x29e /home/joao-abreu/Linux_Apalis/linux-metroval/usr/SOEM1.3.0/lib/imx6/libsoem.a(ethercatbase.o)
 .debug_abbrev  0x000005d2      0x3a9 /home/joao-abreu/Linux_Apalis/linux-metroval/usr/SOEM1.3.0/lib/imx6/libsoem.a(ethercatmain.o)
 .debug_abbrev  0x0000097b      0x118 /home/joao-abreu/gcc-linaro-6.2.1-2016.11-i686_arm-linux-gnueabihf/bin/../arm-linux-gnueabihf/libc/usr/lib/libc_nonshared.a(elf-init.oS)
 .debug_abbrev  0x00000a93      0x34e /home/joao-abreu/Linux_Apalis/linux-metroval/usr/SOEM1.3.0/lib/imx6/liboshw.a(nicdrv.o)
 .debug_abbrev  0x00000de1      0x141 /home/joao-abreu/Linux_Apalis/linux-metroval/usr/SOEM1.3.0/lib/imx6/libosal.a(osal.o)
 .debug_abbrev  0x00000f22       0x12 /home/joao-abreu/gcc-linaro-6.2.1-2016.11-i686_arm-linux-gnueabihf/bin/../arm-linux-gnueabihf/libc/usr/lib/crtn.o

.debug_line     0x00000000     0x2771
 *(.debug_line .debug_line.* .debug_line_end)
 .debug_line    0x00000000       0x80 /home/joao-abreu/gcc-linaro-6.2.1-2016.11-i686_arm-linux-gnueabihf/bin/../arm-linux-gnueabihf/libc/usr/lib/crt1.o
 .debug_line    0x00000080       0x6c /home/joao-abreu/gcc-linaro-6.2.1-2016.11-i686_arm-linux-gnueabihf/bin/../arm-linux-gnueabihf/libc/usr/lib/crti.o
 .debug_line    0x000000ec      0x700 obj/imx6/eepromtool.o
 .debug_line    0x000007ec      0x615 /home/joao-abreu/Linux_Apalis/linux-metroval/usr/SOEM1.3.0/lib/imx6/libsoem.a(ethercatbase.o)
 .debug_line    0x00000e01      0xdcf /home/joao-abreu/Linux_Apalis/linux-metroval/usr/SOEM1.3.0/lib/imx6/libsoem.a(ethercatmain.o)
 .debug_line    0x00001bd0      0x12e /home/joao-abreu/gcc-linaro-6.2.1-2016.11-i686_arm-linux-gnueabihf/bin/../arm-linux-gnueabihf/libc/usr/lib/libc_nonshared.a(elf-init.oS)
 .debug_line    0x00001cfe      0x78e /home/joao-abreu/Linux_Apalis/linux-metroval/usr/SOEM1.3.0/lib/imx6/liboshw.a(nicdrv.o)
 .debug_line    0x0000248c      0x291 /home/joao-abreu/Linux_Apalis/linux-metroval/usr/SOEM1.3.0/lib/imx6/libosal.a(osal.o)
 .debug_line    0x0000271d       0x54 /home/joao-abreu/gcc-linaro-6.2.1-2016.11-i686_arm-linux-gnueabihf/bin/../arm-linux-gnueabihf/libc/usr/lib/crtn.o

.debug_frame    0x00000000     0x1220
 *(.debug_frame)
 .debug_frame   0x00000000      0x154 obj/imx6/eepromtool.o
 .debug_frame   0x00000154      0x410 /home/joao-abreu/Linux_Apalis/linux-metroval/usr/SOEM1.3.0/lib/imx6/libsoem.a(ethercatbase.o)
 .debug_frame   0x00000564      0x974 /home/joao-abreu/Linux_Apalis/linux-metroval/usr/SOEM1.3.0/lib/imx6/libsoem.a(ethercatmain.o)
 .debug_frame   0x00000ed8       0x44 /home/joao-abreu/gcc-linaro-6.2.1-2016.11-i686_arm-linux-gnueabihf/bin/../arm-linux-gnueabihf/libc/usr/lib/libc_nonshared.a(elf-init.oS)
 .debug_frame   0x00000f1c      0x25c /home/joao-abreu/Linux_Apalis/linux-metroval/usr/SOEM1.3.0/lib/imx6/liboshw.a(nicdrv.o)
 .debug_frame   0x00001178       0xa8 /home/joao-abreu/Linux_Apalis/linux-metroval/usr/SOEM1.3.0/lib/imx6/libosal.a(osal.o)

.debug_str      0x00000000     0x22c1
 *(.debug_str)
 .debug_str     0x00000000      0x1d6 /home/joao-abreu/gcc-linaro-6.2.1-2016.11-i686_arm-linux-gnueabihf/bin/../arm-linux-gnueabihf/libc/usr/lib/crt1.o
                                0x216 (size before relaxing)
 .debug_str     0x000001d6      0xebc obj/imx6/eepromtool.o
                               0x108e (size before relaxing)
 .debug_str     0x00001092      0x2f6 /home/joao-abreu/Linux_Apalis/linux-metroval/usr/SOEM1.3.0/lib/imx6/libsoem.a(ethercatbase.o)
                               0x119e (size before relaxing)
 .debug_str     0x00001388      0x7ea /home/joao-abreu/Linux_Apalis/linux-metroval/usr/SOEM1.3.0/lib/imx6/libsoem.a(ethercatmain.o)
                               0x1836 (size before relaxing)
 .debug_str     0x00001b72      0x186 /home/joao-abreu/gcc-linaro-6.2.1-2016.11-i686_arm-linux-gnueabihf/bin/../arm-linux-gnueabihf/libc/usr/lib/libc_nonshared.a(elf-init.oS)
                                0x25e (size before relaxing)
 .debug_str     0x00001cf8      0x4bd /home/joao-abreu/Linux_Apalis/linux-metroval/usr/SOEM1.3.0/lib/imx6/liboshw.a(nicdrv.o)
                               0x11ab (size before relaxing)
 .debug_str     0x000021b5      0x10c /home/joao-abreu/Linux_Apalis/linux-metroval/usr/SOEM1.3.0/lib/imx6/libosal.a(osal.o)
                                0x39c (size before relaxing)

.debug_loc      0x00000000       0xdd
 *(.debug_loc)
 .debug_loc     0x00000000       0xdd /home/joao-abreu/gcc-linaro-6.2.1-2016.11-i686_arm-linux-gnueabihf/bin/../arm-linux-gnueabihf/libc/usr/lib/libc_nonshared.a(elf-init.oS)

.debug_macinfo
 *(.debug_macinfo)

.debug_weaknames
 *(.debug_weaknames)

.debug_funcnames
 *(.debug_funcnames)

.debug_typenames
 *(.debug_typenames)

.debug_varnames
 *(.debug_varnames)

.debug_pubtypes
 *(.debug_pubtypes)

.debug_ranges   0x00000000      0x558
 *(.debug_ranges)
 .debug_ranges  0x00000000       0x28 /home/joao-abreu/gcc-linaro-6.2.1-2016.11-i686_arm-linux-gnueabihf/bin/../arm-linux-gnueabihf/libc/usr/lib/crti.o
 .debug_ranges  0x00000028       0x60 obj/imx6/eepromtool.o
 .debug_ranges  0x00000088      0x128 /home/joao-abreu/Linux_Apalis/linux-metroval/usr/SOEM1.3.0/lib/imx6/libsoem.a(ethercatbase.o)
 .debug_ranges  0x000001b0      0x2a8 /home/joao-abreu/Linux_Apalis/linux-metroval/usr/SOEM1.3.0/lib/imx6/libsoem.a(ethercatmain.o)
 .debug_ranges  0x00000458       0xb0 /home/joao-abreu/Linux_Apalis/linux-metroval/usr/SOEM1.3.0/lib/imx6/liboshw.a(nicdrv.o)
 .debug_ranges  0x00000508       0x30 /home/joao-abreu/Linux_Apalis/linux-metroval/usr/SOEM1.3.0/lib/imx6/libosal.a(osal.o)
 .debug_ranges  0x00000538       0x20 /home/joao-abreu/gcc-linaro-6.2.1-2016.11-i686_arm-linux-gnueabihf/bin/../arm-linux-gnueabihf/libc/usr/lib/crtn.o

.debug_macro
 *(.debug_macro)

.debug_addr
 *(.debug_addr)

.gnu.attributes
 *(.gnu.attributes)

.note.gnu.arm.ident
 *(.note.gnu.arm.ident)

/DISCARD/
 *(.note.GNU-stack)
 *(.gnu_debuglink)
 *(.gnu.lto_*)
OUTPUT(eepromtool elf32-littlearm)
